Component: ARM Compiler 5.06 update 7 (build 960) Tool: armlink [4d3601]

==============================================================================

Section Cross References

    startup_stm32f401xc.o(RESET) refers to startup_stm32f401xc.o(STACK) for __initial_sp
    startup_stm32f401xc.o(RESET) refers to startup_stm32f401xc.o(.text) for Reset_Handler
    startup_stm32f401xc.o(RESET) refers to stm32f4xx_it.o(i.NMI_Handler) for NMI_Handler
    startup_stm32f401xc.o(RESET) refers to stm32f4xx_it.o(i.HardFault_Handler) for HardFault_Handler
    startup_stm32f401xc.o(RESET) refers to stm32f4xx_it.o(i.MemManage_Handler) for MemManage_Handler
    startup_stm32f401xc.o(RESET) refers to stm32f4xx_it.o(i.BusFault_Handler) for BusFault_Handler
    startup_stm32f401xc.o(RESET) refers to stm32f4xx_it.o(i.UsageFault_Handler) for UsageFault_Handler
    startup_stm32f401xc.o(RESET) refers to stm32f4xx_it.o(i.SVC_Handler) for SVC_Handler
    startup_stm32f401xc.o(RESET) refers to stm32f4xx_it.o(i.DebugMon_Handler) for DebugMon_Handler
    startup_stm32f401xc.o(RESET) refers to stm32f4xx_it.o(i.PendSV_Handler) for PendSV_Handler
    startup_stm32f401xc.o(RESET) refers to stm32f4xx_it.o(i.SysTick_Handler) for SysTick_Handler
    startup_stm32f401xc.o(RESET) refers to stm32f4xx_it.o(i.TIM1_BRK_TIM9_IRQHandler) for TIM1_BRK_TIM9_IRQHandler
    startup_stm32f401xc.o(RESET) refers to stm32f4xx_it.o(i.USART1_IRQHandler) for USART1_IRQHandler
    startup_stm32f401xc.o(.text) refers to system_stm32f4xx.o(i.SystemInit) for SystemInit
    startup_stm32f401xc.o(.text) refers to entry.o(.ARM.Collect$$$$00000000) for __main
    main.o(i.HAL_TIM_PeriodElapsedCallback) refers to key.o(i.Key_Tick) for Key_Tick
    main.o(i.HAL_TIM_PeriodElapsedCallback) refers to route.o(i.Get_Route_Error_Tick) for Get_Route_Error_Tick
    main.o(i.HAL_TIM_PeriodElapsedCallback) refers to motor.o(i.Get_Encoder_Tick) for Get_Encoder_Tick
    main.o(i.HAL_TIM_PeriodElapsedCallback) refers to pid.o(i.Pid_Controller_Tick) for Pid_Controller_Tick
    main.o(i.HAL_UART_RxCpltCallback) refers to stm32f4xx_hal_uart.o(i.HAL_UART_Receive_IT) for HAL_UART_Receive_IT
    main.o(i.HAL_UART_RxCpltCallback) refers to usart.o(.bss) for huart1
    main.o(i.HAL_UART_RxCpltCallback) refers to main.o(.data) for .data
    main.o(i.HAL_UART_RxCpltCallback) refers to control.o(.bss) for TurnChoose
    main.o(i.SystemClock_Config) refers to memseta.o(.text) for __aeabi_memclr4
    main.o(i.SystemClock_Config) refers to stm32f4xx_hal_rcc.o(i.HAL_RCC_OscConfig) for HAL_RCC_OscConfig
    main.o(i.SystemClock_Config) refers to stm32f4xx_hal_rcc.o(i.HAL_RCC_ClockConfig) for HAL_RCC_ClockConfig
    main.o(i.main) refers to stm32f4xx_hal.o(i.HAL_Init) for HAL_Init
    main.o(i.main) refers to main.o(i.SystemClock_Config) for SystemClock_Config
    main.o(i.main) refers to gpio.o(i.MX_GPIO_Init) for MX_GPIO_Init
    main.o(i.main) refers to i2c.o(i.MX_I2C1_Init) for MX_I2C1_Init
    main.o(i.main) refers to tim.o(i.MX_TIM2_Init) for MX_TIM2_Init
    main.o(i.main) refers to tim.o(i.MX_TIM4_Init) for MX_TIM4_Init
    main.o(i.main) refers to tim.o(i.MX_TIM5_Init) for MX_TIM5_Init
    main.o(i.main) refers to usart.o(i.MX_USART1_UART_Init) for MX_USART1_UART_Init
    main.o(i.main) refers to tim.o(i.MX_TIM9_Init) for MX_TIM9_Init
    main.o(i.main) refers to stm32f4xx_hal_tim.o(i.HAL_TIM_Base_Start_IT) for HAL_TIM_Base_Start_IT
    main.o(i.main) refers to oled.o(i.OLED_Init) for OLED_Init
    main.o(i.main) refers to motor.o(i.Motor_Init) for Motor_Init
    main.o(i.main) refers to key.o(i.Key_Open) for Key_Open
    main.o(i.main) refers to motor.o(i.Get_Encoder_Open) for Get_Encoder_Open
    main.o(i.main) refers to stm32f4xx_hal_uart.o(i.HAL_UART_Receive_IT) for HAL_UART_Receive_IT
    main.o(i.main) refers to oled.o(i.OLED_NewFrame) for OLED_NewFrame
    main.o(i.main) refers to printf1.o(i.__0sprintf$1) for __2sprintf
    main.o(i.main) refers to oled.o(i.OLED_PrintASCIIString) for OLED_PrintASCIIString
    main.o(i.main) refers to oled.o(i.OLED_ShowFrame) for OLED_ShowFrame
    main.o(i.main) refers to key.o(i.Key_GetNum) for Key_GetNum
    main.o(i.main) refers to route.o(i.Route_Open) for Route_Open
    main.o(i.main) refers to pid.o(i.Pid_Open) for Pid_Open
    main.o(i.main) refers to pid.o(i.Pid_Close) for Pid_Close
    main.o(i.main) refers to route.o(i.Route_Close) for Route_Close
    main.o(i.main) refers to control.o(i.turn_process) for turn_process
    main.o(i.main) refers to tim.o(.bss) for htim9
    main.o(i.main) refers to main.o(.data) for .data
    main.o(i.main) refers to usart.o(.bss) for huart1
    main.o(i.main) refers to control.o(.bss) for TurnChoose
    main.o(i.main) refers to route.o(.data) for Turn_Flag
    main.o(i.main) refers to main.o(.bss) for .bss
    main.o(i.main) refers to font.o(.constdata) for afont12x6
    gpio.o(i.MX_GPIO_Init) refers to memseta.o(.text) for __aeabi_memclr4
[...]
    Removing font.o(.constdata), (8 bytes).
    Removing oled.o(.rev16_text), (4 bytes).
    Removing oled.o(.revsh_text), (4 bytes).
    Removing oled.o(.rrx_text), (6 bytes).
    Removing oled.o(i.OLED_DisPlay_Off), (24 bytes).
    Removing oled.o(i.OLED_DisPlay_On), (24 bytes).
    Removing oled.o(i.OLED_DrawCircle), (240 bytes).
    Removing oled.o(i.OLED_DrawEllipse), (492 bytes).
    Removing oled.o(i.OLED_DrawFilledCircle), (174 bytes).
    Removing oled.o(i.OLED_DrawFilledRectangle), (50 bytes).
    Removing oled.o(i.OLED_DrawFilledTriangle), (192 bytes).
    Removing oled.o(i.OLED_DrawImage), (18 bytes).
    Removing oled.o(i.OLED_DrawLine), (260 bytes).
    Removing oled.o(i.OLED_DrawRectangle), (72 bytes).
    Removing oled.o(i.OLED_DrawTriangle), (56 bytes).
    Removing oled.o(i.OLED_PrintString), (184 bytes).
    Removing oled.o(i.OLED_SetByte), (28 bytes).
    Removing oled.o(i.OLED_SetColorMode), (18 bytes).
    Removing oled.o(i.OLED_SetPixel), (48 bytes).
    Removing oled.o(i.OLED_Test), (36 bytes).
    Removing oled.o(i._OLED_GetUTF8Len), (50 bytes).
    Removing motor.o(.rev16_text), (4 bytes).
    Removing motor.o(.revsh_text), (4 bytes).
    Removing motor.o(.rrx_text), (6 bytes).
    Removing motor.o(i.Get_Encoder_Close), (12 bytes).
    Removing motor.o(i.Get_Left_Speed), (52 bytes).
    Removing motor.o(i.Get_Right_Speed), (52 bytes).
    Removing motor.o(i.Limit), (42 bytes).
    Removing motor.o(i.abs), (8 bytes).
    Removing key.o(.rev16_text), (4 bytes).
    Removing key.o(.revsh_text), (4 bytes).
    Removing key.o(.rrx_text), (6 bytes).
    Removing key.o(i.Key_Close), (12 bytes).
    Removing route.o(.rev16_text), (4 bytes).
    Removing route.o(.revsh_text), (4 bytes).
    Removing route.o(.rrx_text), (6 bytes).
    Removing usart_cdx.o(.rev16_text), (4 bytes).
    Removing usart_cdx.o(.revsh_text), (4 bytes).
    Removing usart_cdx.o(.rrx_text), (6 bytes).
    Removing usart_cdx.o(i.fgetc), (32 bytes).
    Removing usart_cdx.o(i.fputc), (24 bytes).
    Removing pid.o(.rev16_text), (4 bytes).
    Removing pid.o(.revsh_text), (4 bytes).
    Removing pid.o(.rrx_text), (6 bytes).
    Removing control.o(.rev16_text), (4 bytes).
    Removing control.o(.revsh_text), (4 bytes).
    Removing control.o(.rrx_text), (6 bytes).
    Removing dadd.o(.text), (334 bytes).
    Removing dmul.o(.text), (228 bytes).
    Removing dflti.o(.text), (34 bytes).
    Removing dfltui.o(.text), (26 bytes).
    Removing dfixi.o(.text), (62 bytes).
    Removing depilogue.o(.text), (186 bytes).
    Removing ddiv.o(.text), (222 bytes).
    Removing dfixul.o(.text), (48 bytes).
    Removing cdrcmple.o(.text), (48 bytes).

544 unused section(s) (total 52004 bytes) removed from the image.

==============================================================================

Image Symbol Table

    Local Symbols

    Symbol Name                              Value     Ov Type        Size  Object(Section)

    ../Core/Src/gpio.c                       0x00000000   Number         0  gpio.o ABSOLUTE
    ../Core/Src/i2c.c                        0x00000000   Number         0  i2c.o ABSOLUTE
    ../Core/Src/main.c                       0x00000000   Number         0  main.o ABSOLUTE
    ../Core/Src/stm32f4xx_hal_msp.c          0x00000000   Number         0  stm32f4xx_hal_msp.o ABSOLUTE
    ../Core/Src/stm32f4xx_it.c               0x00000000   Number         0  stm32f4xx_it.o ABSOLUTE
    ../Core/Src/system_stm32f4xx.c           0x00000000   Number         0  system_stm32f4xx.o ABSOLUTE
    ../Core/Src/tim.c                        0x00000000   Number         0  tim.o ABSOLUTE
    ../Core/Src/usart.c                      0x00000000   Number         0  usart.o ABSOLUTE
    ../Drivers/STM32F4xx_HAL_Driver/Src/stm32f4xx_hal.c 0x00000000   Number         0  stm32f4xx_hal.o ABSOLUTE
    ../Drivers/STM32F4xx_HAL_Driver/Src/stm32f4xx_hal_cortex.c 0x00000000   Number         0  stm32f4xx_hal_cortex.o ABSOLUTE
    ../Drivers/STM32F4xx_HAL_Driver/Src/stm32f4xx_hal_dma.c 0x00000000   Number         0  stm32f4xx_hal_dma.o ABSOLUTE
    ../Drivers/STM32F4xx_HAL_Driver/Src/stm32f4xx_hal_dma_ex.c 0x00000000   Number         0  stm32f4xx_hal_dma_ex.o ABSOLUTE
    ../Drivers/STM32F4xx_HAL_Driver/Src/stm32f4xx_hal_exti.c 0x00000000   Number         0  stm32f4xx_hal_exti.o ABSOLUTE
    ../Drivers/STM32F4xx_HAL_Driver/Src/stm32f4xx_hal_flash.c 0x00000000   Number         0  stm32f4xx_hal_flash.o ABSOLUTE
    ../Drivers/STM32F4xx_HAL_Driver/Src/stm32f4xx_hal_flash_ex.c 0x00000000   Number         0  stm32f4xx_hal_flash_ex.o ABSOLUTE
    ../Drivers/STM32F4xx_HAL_Driver/Src/stm32f4xx_hal_flash_ramfunc.c 0x00000000   Number         0  stm32f4xx_hal_flash_ramfunc.o ABSOLUTE
    ../Drivers/STM32F4xx_HAL_Driver/Src/stm32f4xx_hal_gpio.c 0x00000000   Number         0  stm32f4xx_hal_gpio.o ABSOLUTE
    ../Drivers/STM32F4xx_HAL_Driver/Src/stm32f4xx_hal_i2c.c 0x00000000   Number         0  stm32f4xx_hal_i2c.o ABSOLUTE
    ../Drivers/STM32F4xx_HAL_Driver/Src/stm32f4xx_hal_i2c_ex.c 0x00000000   Number         0  stm32f4xx_hal_i2c_ex.o ABSOLUTE
    ../Drivers/STM32F4xx_HAL_Driver/Src/stm32f4xx_hal_pwr.c 0x00000000   Number         0  stm32f4xx_hal_pwr.o ABSOLUTE
    ../Drivers/STM32F4xx_HAL_Driver/Src/stm32f4xx_hal_pwr_ex.c 0x00000000   Number         0  stm32f4xx_hal_pwr_ex.o ABSOLUTE
    ../Drivers/STM32F4xx_HAL_Driver/Src/stm32f4xx_hal_rcc.c 0x00000000   Number         0  stm32f4xx_hal_rcc.o ABSOLUTE
    ../Drivers/STM32F4xx_HAL_Driver/Src/stm32f4xx_hal_rcc_ex.c 0x00000000   Number         0  stm32f4xx_hal_rcc_ex.o ABSOLUTE
    ../Drivers/STM32F4xx_HAL_Driver/Src/stm32f4xx_hal_tim.c 0x00000000   Number         0  stm32f4xx_hal_tim.o ABSOLUTE
    ../Drivers/STM32F4xx_HAL_Driver/Src/stm32f4xx_hal_tim_ex.c 0x00000000   Number         0  stm32f4xx_hal_tim_ex.o ABSOLUTE
    ../Drivers/STM32F4xx_HAL_Driver/Src/stm32f4xx_hal_uart.c 0x00000000   Number         0  stm32f4xx_hal_uart.o ABSOLUTE
    ../clib/microlib/division.c              0x00000000   Number         0  uidiv.o ABSOLUTE
    ../clib/microlib/division.c              0x00000000   Number         0  uldiv.o ABSOLUTE
    ../clib/microlib/init/entry.s            0x00000000   Number         0  entry8b.o ABSOLUTE
    ../clib/microlib/init/entry.s            0x00000000   Number         0  entry12a.o ABSOLUTE
    ../clib/microlib/init/entry.s            0x00000000   Number         0  entry7b.o ABSOLUTE
    ../clib/microlib/init/entry.s            0x00000000   Number         0  entry5.o ABSOLUTE
    ../clib/microlib/init/entry.s            0x00000000   Number         0  entry8a.o ABSOLUTE
    ../clib/microlib/init/entry.s            0x00000000   Number         0  entry11b.o ABSOLUTE
    ../clib/microlib/init/entry.s            0x00000000   Number         0  entry7a.o ABSOLUTE
    ../clib/microlib/init/entry.s            0x00000000   Number         0  entry12b.o ABSOLUTE
    ../clib/microlib/init/entry.s            0x00000000   Number         0  entry2.o ABSOLUTE
    ../clib/microlib/init/entry.s            0x00000000   Number         0  entry.o ABSOLUTE
    ../clib/microlib/init/entry.s            0x00000000   Number         0  entry9a.o ABSOLUTE
    ../clib/microlib/init/entry.s            0x00000000   Number         0  entry9b.o ABSOLUTE
    ../clib/microlib/init/entry.s            0x00000000   Number         0  entry10a.o ABSOLUTE
    ../clib/microlib/init/entry.s            0x00000000   Number         0  entry10b.o ABSOLUTE
    ../clib/microlib/init/entry.s            0x00000000   Number         0  entry11a.o ABSOLUTE
    ../clib/microlib/longlong.c              0x00000000   Number         0  llshl.o ABSOLUTE
    ../clib/microlib/longlong.c              0x00000000   Number         0  llushr.o ABSOLUTE
    ../clib/microlib/longlong.c              0x00000000   Number         0  llsshr.o ABSOLUTE
    ../clib/microlib/printf/printf.c         0x00000000   Number         0  printf3.o ABSOLUTE
    ../clib/microlib/printf/printf.c         0x00000000   Number         0  printf2.o ABSOLUTE
    ../clib/microlib/printf/printf.c         0x00000000   Number         0  printf1.o ABSOLUTE
    ../clib/microlib/printf/printf.c         0x00000000   Number         0  printf0.o ABSOLUTE
    ../clib/microlib/printf/printf.c         0x00000000   Number         0  printfb.o ABSOLUTE
    ../clib/microlib/printf/printf.c         0x00000000   Number         0  printf4.o ABSOLUTE
    ../clib/microlib/printf/printf.c         0x00000000   Number         0  printfa.o ABSOLUTE
    ../clib/microlib/printf/printf.c         0x00000000   Number         0  printf8.o ABSOLUTE
    ../clib/microlib/printf/printf.c         0x00000000   Number         0  printf7.o ABSOLUTE
    ../clib/microlib/printf/printf.c         0x00000000   Number         0  printf6.o ABSOLUTE
    ../clib/microlib/printf/printf.c         0x00000000   Number         0  printf5.o ABSOLUTE
    ../clib/microlib/printf/stubs.s          0x00000000   Number         0  stubs.o ABSOLUTE
    ../clib/microlib/stdio/streams.c         0x00000000   Number         0  stdout.o ABSOLUTE
    ../clib/microlib/string/memcmp.c         0x00000000   Number         0  memcmp.o ABSOLUTE
    ../clib/microlib/string/memcpy.c         0x00000000   Number         0  memcpya.o ABSOLUTE
    ../clib/microlib/string/memcpy.c         0x00000000   Number         0  memcpyb.o ABSOLUTE
    ../clib/microlib/string/memset.c         0x00000000   Number         0  memseta.o ABSOLUTE
    ../clib/microlib/stubs.s                 0x00000000   Number         0  iusefp.o ABSOLUTE
    ../fplib/microlib/fpadd.c                0x00000000   Number         0  dadd.o ABSOLUTE
    ../fplib/microlib/fpdiv.c                0x00000000   Number         0  ddiv.o ABSOLUTE
    ../fplib/microlib/fpepilogue.c           0x00000000   Number         0  depilogue.o ABSOLUTE
    ../fplib/microlib/fpfix.c                0x00000000   Number         0  dfixi.o ABSOLUTE
    ../fplib/microlib/fpfix.c                0x00000000   Number         0  dfixul.o ABSOLUTE
    ../fplib/microlib/fpflt.c                0x00000000   Number         0  dflti.o ABSOLUTE
    ../fplib/microlib/fpflt.c                0x00000000   Number         0  dfltui.o ABSOLUTE
    ../fplib/microlib/fpmul.c                0x00000000   Number         0  dmul.o ABSOLUTE
    ..\Core\Src\gpio.c                       0x00000000   Number         0  gpio.o ABSOLUTE
    ..\Core\Src\i2c.c                        0x00000000   Number         0  i2c.o ABSOLUTE
    ..\Core\Src\main.c                       0x00000000   Number         0  main.o ABSOLUTE
    ..\Core\Src\stm32f4xx_hal_msp.c          0x00000000   Number         0  stm32f4xx_hal_msp.o ABSOLUTE
    ..\Core\Src\stm32f4xx_it.c               0x00000000   Number         0  stm32f4xx_it.o ABSOLUTE
    ..\Core\Src\system_stm32f4xx.c           0x00000000   Number         0  system_stm32f4xx.o ABSOLUTE
    ..\Core\Src\tim.c                        0x00000000   Number         0  tim.o ABSOLUTE
    ..\Core\Src\usart.c                      0x00000000   Number         0  usart.o ABSOLUTE
    ..\Drivers\STM32F4xx_HAL_Driver\Src\stm32f4xx_hal.c 0x00000000   Number         0  stm32f4xx_hal.o ABSOLUTE
    ..\Drivers\STM32F4xx_HAL_Driver\Src\stm32f4xx_hal_cortex.c 0x00000000   Number         0  stm32f4xx_hal_cortex.o ABSOLUTE
    ..\Drivers\STM32F4xx_HAL_Driver\Src\stm32f4xx_hal_dma.c 0x00000000   Number         0  stm32f4xx_hal_dma.o ABSOLUTE
    ..\Drivers\STM32F4xx_HAL_Driver\Src\stm32f4xx_hal_dma_ex.c 0x00000000   Number         0  stm32f4xx_hal_dma_ex.o ABSOLUTE
    ..\Drivers\STM32F4xx_HAL_Driver\Src\stm32f4xx_hal_exti.c 0x00000000   Number         0  stm32f4xx_hal_exti.o ABSOLUTE
    ..\Drivers\STM32F4xx_HAL_Driver\Src\stm32f4xx_hal_flash.c 0x00000000   Number         0  stm32f4xx_hal_flash.o ABSOLUTE
    ..\Drivers\STM32F4xx_HAL_Driver\Src\stm32f4xx_hal_flash_ex.c 0x00000000   Number         0  stm32f4xx_hal_flash_ex.o ABSOLUTE
    ..\Drivers\STM32F4xx_HAL_Driver\Src\stm32f4xx_hal_flash_ramfunc.c 0x00000000   Number         0  stm32f4xx_hal_flash_ramfunc.o ABSOLUTE
    ..\Drivers\STM32F4xx_HAL_Driver\Src\stm32f4xx_hal_gpio.c 0x00000000   Number         0  stm32f4xx_hal_gpio.o ABSOLUTE
    ..\Drivers\STM32F4xx_HAL_Driver\Src\stm32f4xx_hal_i2c.c 0x00000000   Number         0  stm32f4xx_hal_i2c.o ABSOLUTE
    ..\Drivers\STM32F4xx_HAL_Driver\Src\stm32f4xx_hal_i2c_ex.c 0x00000000   Number         0  stm32f4xx_hal_i2c_ex.o ABSOLUTE
    ..\Drivers\STM32F4xx_HAL_Driver\Src\stm32f4xx_hal_pwr.c 0x00000000   Number         0  stm32f4xx_hal_pwr.o ABSOLUTE
    ..\Drivers\STM32F4xx_HAL_Driver\Src\stm32f4xx_hal_pwr_ex.c 0x00000000   Number         0  stm32f4xx_hal_pwr_ex.o ABSOLUTE
    ..\Drivers\STM32F4xx_HAL_Driver\Src\stm32f4xx_hal_rcc.c 0x00000000   Number         0  stm32f4xx_hal_rcc.o ABSOLUTE
    ..\Drivers\STM32F4xx_HAL_Driver\Src\stm32f4xx_hal_rcc_ex.c 0x00000000   Number         0  stm32f4xx_hal_rcc_ex.o ABSOLUTE
    ..\Drivers\STM32F4xx_HAL_Driver\Src\stm32f4xx_hal_tim.c 0x00000000   Number         0  stm32f4xx_hal_tim.o ABSOLUTE
    ..\Drivers\STM32F4xx_HAL_Driver\Src\stm32f4xx_hal_tim_ex.c 0x00000000   Number         0  stm32f4xx_hal_tim_ex.o ABSOLUTE
    ..\Drivers\STM32F4xx_HAL_Driver\Src\stm32f4xx_hal_uart.c 0x00000000   Number         0  stm32f4xx_hal_uart.o ABSOLUTE
    User\4ROUTE\route.c                      0x00000000   Number         0  route.o ABSOLUTE
    User\CONTROL\control.c                   0x00000000   Number         0  control.o ABSOLUTE
    User\KEY\key.c                           0x00000000   Number         0  key.o ABSOLUTE
    User\MOTOR\motor.c                       0x00000000   Number         0  motor.o ABSOLUTE
    User\OLED\font.c                         0x00000000   Number         0  font.o ABSOLUTE
    User\OLED\oled.c                         0x00000000   Number         0  oled.o ABSOLUTE
    User\PID\pid.c                           0x00000000   Number         0  pid.o ABSOLUTE
    User\SOL\Usart_cdx.c                     0x00000000   Number         0  usart_cdx.o ABSOLUTE
    User\\4ROUTE\\route.c                    0x00000000   Number         0  route.o ABSOLUTE
    User\\CONTROL\\control.c                 0x00000000   Number         0  control.o ABSOLUTE
    User\\KEY\\key.c                         0x00000000   Number         0  key.o ABSOLUTE
    User\\MOTOR\\motor.c                     0x00000000   Number         0  motor.o ABSOLUTE
    User\\OLED\\oled.c                       0x00000000   Number         0  oled.o ABSOLUTE
    User\\PID\\pid.c                         0x00000000   Number         0  pid.o ABSOLUTE
    User\\SOL\\Usart_cdx.c                   0x00000000   Number         0  usart_cdx.o ABSOLUTE
    cdrcmple.s                               0x00000000   Number         0  cdrcmple.o ABSOLUTE
    dc.s                                     0x00000000   Number         0  dc.o ABSOLUTE
    handlers.s                               0x00000000   Number         0  handlers.o ABSOLUTE
    init.s                                   0x00000000   Number         0  init.o ABSOLUTE
    startup_stm32f401xc.s                    0x00000000   Number         0  startup_stm32f401xc.o ABSOLUTE
    RESET                                    0x08000000   Section      404  startup_stm32f401xc.o(RESET)
    .ARM.Collect$$$$00000000                 0x08000194   Section        0  entry.o(.ARM.Collect$$$$00000000)
    .ARM.Collect$$$$00000001                 0x08000194   Section        4  entry2.o(.ARM.Collect$$$$00000001)
    .ARM.Collect$$$$00000004                 0x08000198   Section        4  entry5.o(.ARM.Collect$$$$00000004)
    .ARM.Collect$$$$00000008                 0x0800019c   Section        0  entry7b.o(.ARM.Collect$$$$00000008)
    .ARM.Collect$$$$0000000A                 0x0800019c   Section        0  entry8b.o(.ARM.Collect$$$$0000000A)
    .ARM.Collect$$$$0000000B                 0x0800019c   Section        8  entry9a.o(.ARM.Collect$$$$0000000B)
    .ARM.Collect$$$$0000000E                 0x080001a4   Section        4  entry12b.o(.ARM.Collect$$$$0000000E)
    .ARM.Collect$$$$0000000F                 0x080001a8   Section        0  entry10a.o(.ARM.Collect$$$$0000000F)
    .ARM.Collect$$$$00000011                 0x080001a8   Section        0  entry11a.o(.ARM.Collect$$$$00000011)
    .ARM.Collect$$$$00002712                 0x080001a8   Section        4  entry2.o(.ARM.Collect$$$$00002712)
    __lit__00000000                          0x080001a8   Data           4  entry2.o(.ARM.Collect$$$$00002712)
    .text                                    0x080001ac   Section       36  startup_stm32f401xc.o(.text)
    $v0                                      0x080001ac   Number         0  startup_stm32f401xc.o(.text)
    .text                                    0x080001d0   Section        0  uldiv.o(.text)
    .text                                    0x08000232   Section        0  memcpya.o(.text)
    .text                                    0x08000256   Section        0  memseta.o(.text)
    .text                                    0x0800027a   Section        0  uidiv.o(.text)
    .text                                    0x080002a6   Section        0  llshl.o(.text)
    .text                                    0x080002c4   Section        0  llushr.o(.text)
    .text                                    0x080002e4   Section       36  init.o(.text)
    i.BusFault_Handler                       0x08000308   Section        0  stm32f4xx_it.o(i.BusFault_Handler)
    i.Clear_Distance                         0x0800030c   Section        0  motor.o(i.Clear_Distance)
    i.DebugMon_Handler                       0x0800031c   Section        0  stm32f4xx_it.o(i.DebugMon_Handler)
    i.Error_Handler                          0x0800031e   Section        0  main.o(i.Error_Handler)
    i.GO_Distance                            0x08000324   Section        0  motor.o(i.GO_Distance)
    i.Get_Encoder_Open                       0x08000378   Section        0  motor.o(i.Get_Encoder_Open)
    i.Get_Encoder_Tick                       0x08000384   Section        0  motor.o(i.Get_Encoder_Tick)
    i.Get_Left_Distance                      0x080003dc   Section        0  motor.o(i.Get_Left_Distance)
    i.Get_Right_Distance                     0x08000410   Section        0  motor.o(i.Get_Right_Distance)
    i.Get_Route_Error                        0x08000444   Section        0  route.o(i.Get_Route_Error)
    i.Get_Route_Error_Tick                   0x08000450   Section        0  route.o(i.Get_Route_Error_Tick)
    i.HAL_DMA_Abort                          0x08000520   Section        0  stm32f4xx_hal_dma.o(i.HAL_DMA_Abort)
    i.HAL_DMA_Abort_IT                       0x080005b2   Section        0  stm32f4xx_hal_dma.o(i.HAL_DMA_Abort_IT)
    i.HAL_GPIO_Init                          0x080005d8   Section        0  stm32f4xx_hal_gpio.o(i.HAL_GPIO_Init)
    i.HAL_GPIO_ReadPin                       0x080007b8   Section        0  stm32f4xx_hal_gpio.o(i.HAL_GPIO_ReadPin)
    i.HAL_GPIO_WritePin                      0x080007c2   Section        0  stm32f4xx_hal_gpio.o(i.HAL_GPIO_WritePin)
    i.HAL_GetTick                            0x080007cc   Section        0  stm32f4xx_hal.o(i.HAL_GetTick)
    i.HAL_I2C_Init                           0x080007d8   Section        0  stm32f4xx_hal_i2c.o(i.HAL_I2C_Init)
    i.HAL_I2C_Master_Transmit                0x08000960   Section        0  stm32f4xx_hal_i2c.o(i.HAL_I2C_Master_Transmit)
    i.HAL_I2C_MspInit                        0x08000a8c   Section        0  i2c.o(i.HAL_I2C_MspInit)
    i.HAL_IncTick                            0x08000af8   Section        0  stm32f4xx_hal.o(i.HAL_IncTick)
    i.HAL_Init                               0x08000b08   Section        0  stm32f4xx_hal.o(i.HAL_Init)
    i.HAL_InitTick                           0x08000b3c   Section        0  stm32f4xx_hal.o(i.HAL_InitTick)
    i.HAL_MspInit                            0x08000b7c   Section        0  stm32f4xx_hal_msp.o(i.HAL_MspInit)
    i.HAL_NVIC_EnableIRQ                     0x08000bac   Section        0  stm32f4xx_hal_cortex.o(i.HAL_NVIC_EnableIRQ)
    i.HAL_NVIC_SetPriority                   0x08000bc8   Section        0  stm32f4xx_hal_cortex.o(i.HAL_NVIC_SetPriority)
    i.HAL_NVIC_SetPriorityGrouping           0x08000c08   Section        0  stm32f4xx_hal_cortex.o(i.HAL_NVIC_SetPriorityGrouping)
    i.HAL_RCC_ClockConfig                    0x08000c2c   Section        0  stm32f4xx_hal_rcc.o(i.HAL_RCC_ClockConfig)
    i.HAL_RCC_GetPCLK1Freq                   0x08000d60   Section        0  stm32f4xx_hal_rcc.o(i.HAL_RCC_GetPCLK1Freq)
    i.HAL_RCC_GetPCLK2Freq                   0x08000d80   Section        0  stm32f4xx_hal_rcc.o(i.HAL_RCC_GetPCLK2Freq)
    i.HAL_RCC_GetSysClockFreq                0x08000da0   Section        0  stm32f4xx_hal_rcc.o(i.HAL_RCC_GetSysClockFreq)
    i.HAL_RCC_OscConfig                      0x08000e04   Section        0  stm32f4xx_hal_rcc.o(i.HAL_RCC_OscConfig)
    i.HAL_SYSTICK_Config                     0x08001170   Section        0  stm32f4xx_hal_cortex.o(i.HAL_SYSTICK_Config)
    i.HAL_TIMEx_BreakCallback                0x08001198   Section        0  stm32f4xx_hal_tim_ex.o(i.HAL_TIMEx_BreakCallback)
    i.HAL_TIMEx_CommutCallback               0x0800119a   Section        0  stm32f4xx_hal_tim_ex.o(i.HAL_TIMEx_CommutCallback)
    i.HAL_TIMEx_MasterConfigSynchronization  0x0800119c   Section        0  stm32f4xx_hal_tim_ex.o(i.HAL_TIMEx_MasterConfigSynchronization)
    i.HAL_TIM_Base_Init                      0x08001218   Section        0  stm32f4xx_hal_tim.o(i.HAL_TIM_Base_Init)
    i.HAL_TIM_Base_MspInit                   0x08001274   Section        0  tim.o(i.HAL_TIM_Base_MspInit)
    i.HAL_TIM_Base_Start_IT                  0x080012b0   Section        0  stm32f4xx_hal_tim.o(i.HAL_TIM_Base_Start_IT)
    i.HAL_TIM_ConfigClockSource              0x0800131c   Section        0  stm32f4xx_hal_tim.o(i.HAL_TIM_ConfigClockSource)
    i.HAL_TIM_Encoder_Init                   0x080013f8   Section        0  stm32f4xx_hal_tim.o(i.HAL_TIM_Encoder_Init)
    i.HAL_TIM_Encoder_MspInit                0x0800149c   Section        0  tim.o(i.HAL_TIM_Encoder_MspInit)
    i.HAL_TIM_Encoder_Start                  0x0800153c   Section        0  stm32f4xx_hal_tim.o(i.HAL_TIM_Encoder_Start)
    i.HAL_TIM_IC_CaptureCallback             0x080015ca   Section        0  stm32f4xx_hal_tim.o(i.HAL_TIM_IC_CaptureCallback)
    i.HAL_TIM_IRQHandler                     0x080015cc   Section        0  stm32f4xx_hal_tim.o(i.HAL_TIM_IRQHandler)
    i.HAL_TIM_MspPostInit                    0x080016fc   Section        0  tim.o(i.HAL_TIM_MspPostInit)
    i.HAL_TIM_OC_DelayElapsedCallback        0x08001774   Section        0  stm32f4xx_hal_tim.o(i.HAL_TIM_OC_DelayElapsedCallback)
    i.HAL_TIM_PWM_ConfigChannel              0x08001776   Section        0  stm32f4xx_hal_tim.o(i.HAL_TIM_PWM_ConfigChannel)
    i.HAL_TIM_PWM_Init                       0x08001842   Section        0  stm32f4xx_hal_tim.o(i.HAL_TIM_PWM_Init)
    i.HAL_TIM_PWM_MspInit                    0x0800189c   Section        0  tim.o(i.HAL_TIM_PWM_MspInit)
    i.HAL_TIM_PWM_PulseFinishedCallback      0x080018c0   Section        0  stm32f4xx_hal_tim.o(i.HAL_TIM_PWM_PulseFinishedCallback)
    i.HAL_TIM_PWM_Start                      0x080018c4   Section        0  stm32f4xx_hal_tim.o(i.HAL_TIM_PWM_Start)
    i.HAL_TIM_PeriodElapsedCallback          0x08001974   Section        0  main.o(i.HAL_TIM_PeriodElapsedCallback)
    i.HAL_TIM_TriggerCallback                0x08001998   Section        0  stm32f4xx_hal_tim.o(i.HAL_TIM_TriggerCallback)
    i.HAL_UARTEx_RxEventCallback             0x0800199a   Section        0  stm32f4xx_hal_uart.o(i.HAL_UARTEx_RxEventCallback)
    i.HAL_UART_ErrorCallback                 0x0800199c   Section        0  stm32f4xx_hal_uart.o(i.HAL_UART_ErrorCallback)
    i.HAL_UART_IRQHandler                    0x080019a0   Section        0  stm32f4xx_hal_uart.o(i.HAL_UART_IRQHandler)
    i.HAL_UART_Init                          0x08001c20   Section        0  stm32f4xx_hal_uart.o(i.HAL_UART_Init)
    i.HAL_UART_MspInit                       0x08001c84   Section        0  usart.o(i.HAL_UART_MspInit)
    i.HAL_UART_Receive_IT                    0x08001d00   Section        0  stm32f4xx_hal_uart.o(i.HAL_UART_Receive_IT)
    i.HAL_UART_RxCpltCallback                0x08001d1c   Section        0  main.o(i.HAL_UART_RxCpltCallback)
    i.HAL_UART_TxCpltCallback                0x08001d94   Section        0  stm32f4xx_hal_uart.o(i.HAL_UART_TxCpltCallback)
    i.HardFault_Handler                      0x08001d96   Section        0  stm32f4xx_it.o(i.HardFault_Handler)
    i.I2C_IsAcknowledgeFailed                0x08001d98   Section        0  stm32f4xx_hal_i2c.o(i.I2C_IsAcknowledgeFailed)
    I2C_IsAcknowledgeFailed                  0x08001d99   Thumb Code    46  stm32f4xx_hal_i2c.o(i.I2C_IsAcknowledgeFailed)
    i.I2C_MasterRequestWrite                 0x08001dc8   Section        0  stm32f4xx_hal_i2c.o(i.I2C_MasterRequestWrite)
    I2C_MasterRequestWrite                   0x08001dc9   Thumb Code   150  stm32f4xx_hal_i2c.o(i.I2C_MasterRequestWrite)
    i.I2C_WaitOnBTFFlagUntilTimeout          0x08001e64   Section        0  stm32f4xx_hal_i2c.o(i.I2C_WaitOnBTFFlagUntilTimeout)
    I2C_WaitOnBTFFlagUntilTimeout            0x08001e65   Thumb Code    86  stm32f4xx_hal_i2c.o(i.I2C_WaitOnBTFFlagUntilTimeout)
    i.I2C_WaitOnFlagUntilTimeout             0x08001ebc   Section        0  stm32f4xx_hal_i2c.o(i.I2C_WaitOnFlagUntilTimeout)
    I2C_WaitOnFlagUntilTimeout               0x08001ebd   Thumb Code   144  stm32f4xx_hal_i2c.o(i.I2C_WaitOnFlagUntilTimeout)
    i.I2C_WaitOnMasterAddressFlagUntilTimeout 0x08001f4c   Section        0  stm32f4xx_hal_i2c.o(i.I2C_WaitOnMasterAddressFlagUntilTimeout)
    I2C_WaitOnMasterAddressFlagUntilTimeout  0x08001f4d   Thumb Code   188  stm32f4xx_hal_i2c.o(i.I2C_WaitOnMasterAddressFlagUntilTimeout)
    i.I2C_WaitOnTXEFlagUntilTimeout          0x08002008   Section        0  stm32f4xx_hal_i2c.o(i.I2C_WaitOnTXEFlagUntilTimeout)
    I2C_WaitOnTXEFlagUntilTimeout            0x08002009   Thumb Code    86  stm32f4xx_hal_i2c.o(i.I2C_WaitOnTXEFlagUntilTimeout)
    i.Key_GetNum                             0x08002060   Section        0  key.o(i.Key_GetNum)
    i.Key_GetState                           0x08002070   Section        0  key.o(i.Key_GetState)
    i.Key_Open                               0x0800209c   Section        0  key.o(i.Key_Open)
    i.Key_Tick                               0x080020a8   Section        0  key.o(i.Key_Tick)
    i.Load                                   0x080020e0   Section        0  motor.o(i.Load)
    i.MX_GPIO_Init                           0x08002158   Section        0  gpio.o(i.MX_GPIO_Init)
    i.MX_I2C1_Init                           0x08002218   Section        0  i2c.o(i.MX_I2C1_Init)
    i.MX_TIM2_Init                           0x08002258   Section        0  tim.o(i.MX_TIM2_Init)
    i.MX_TIM4_Init                           0x080022d8   Section        0  tim.o(i.MX_TIM4_Init)
    i.MX_TIM5_Init                           0x08002344   Section        0  tim.o(i.MX_TIM5_Init)
    i.MX_TIM9_Init                           0x080023b0   Section        0  tim.o(i.MX_TIM9_Init)
    i.MX_USART1_UART_Init                    0x080023fc   Section        0  usart.o(i.MX_USART1_UART_Init)
    i.MemManage_Handler                      0x08002434   Section        0  stm32f4xx_it.o(i.MemManage_Handler)
    i.Motor_Init                             0x08002438   Section        0  motor.o(i.Motor_Init)
    i.NMI_Handler                            0x0800246c   Section        0  stm32f4xx_it.o(i.NMI_Handler)
    i.OLED_Init                              0x0800246e   Section        0  oled.o(i.OLED_Init)
    i.OLED_NewFrame                          0x08002524   Section        0  oled.o(i.OLED_NewFrame)
    i.OLED_PrintASCIIChar                    0x08002534   Section        0  oled.o(i.OLED_PrintASCIIChar)
    i.OLED_PrintASCIIString                  0x08002556   Section        0  oled.o(i.OLED_PrintASCIIString)
    i.OLED_Send                              0x08002584   Section        0  oled.o(i.OLED_Send)
    i.OLED_SendCmd                           0x080025a0   Section        0  oled.o(i.OLED_SendCmd)
    i.OLED_SetBits                           0x080025b0   Section        0  oled.o(i.OLED_SetBits)
    i.OLED_SetBits_Fine                      0x080025f8   Section        0  oled.o(i.OLED_SetBits_Fine)
    i.OLED_SetBlock                          0x08002660   Section        0  oled.o(i.OLED_SetBlock)
    i.OLED_SetByte_Fine                      0x080026e8   Section        0  oled.o(i.OLED_SetByte_Fine)
    i.OLED_ShowFrame                         0x08002730   Section        0  oled.o(i.OLED_ShowFrame)
    i.PendSV_Handler                         0x08002778   Section        0  stm32f4xx_it.o(i.PendSV_Handler)
    i.Pid_Close                              0x0800277c   Section        0  pid.o(i.Pid_Close)
    i.Pid_Controller_Tick                    0x0800278c   Section        0  pid.o(i.Pid_Controller_Tick)
    i.Pid_Open                               0x080027f0   Section        0  pid.o(i.Pid_Open)
    i.Route_Close                            0x08002800   Section        0  route.o(i.Route_Close)
    i.Route_Open                             0x08002828   Section        0  route.o(i.Route_Open)
    i.SVC_Handler                            0x08002834   Section        0  stm32f4xx_it.o(i.SVC_Handler)
    i.SysTick_Handler                        0x08002836   Section        0  stm32f4xx_it.o(i.SysTick_Handler)
    i.SystemClock_Config                     0x0800283c   Section        0  main.o(i.SystemClock_Config)
    i.SystemInit                             0x080028d0   Section        0  system_stm32f4xx.o(i.SystemInit)
    i.TIM1_BRK_TIM9_IRQHandler               0x080028e0   Section        0  stm32f4xx_it.o(i.TIM1_BRK_TIM9_IRQHandler)
    i.TIM_Base_SetConfig                     0x080028ec   Section        0  stm32f4xx_hal_tim.o(i.TIM_Base_SetConfig)
    i.TIM_CCxChannelCmd                      0x0800298c   Section        0  stm32f4xx_hal_tim.o(i.TIM_CCxChannelCmd)
    i.TIM_ETR_SetConfig                      0x080029a6   Section        0  stm32f4xx_hal_tim.o(i.TIM_ETR_SetConfig)
    i.TIM_ITRx_SetConfig                     0x080029ba   Section        0  stm32f4xx_hal_tim.o(i.TIM_ITRx_SetConfig)
    TIM_ITRx_SetConfig                       0x080029bb   Thumb Code    16  stm32f4xx_hal_tim.o(i.TIM_ITRx_SetConfig)
    i.TIM_OC1_SetConfig                      0x080029cc   Section        0  stm32f4xx_hal_tim.o(i.TIM_OC1_SetConfig)
    TIM_OC1_SetConfig                        0x080029cd   Thumb Code    74  stm32f4xx_hal_tim.o(i.TIM_OC1_SetConfig)
    i.TIM_OC2_SetConfig                      0x08002a1c   Section        0  stm32f4xx_hal_tim.o(i.TIM_OC2_SetConfig)
    i.TIM_OC3_SetConfig                      0x08002a74   Section        0  stm32f4xx_hal_tim.o(i.TIM_OC3_SetConfig)
    TIM_OC3_SetConfig                        0x08002a75   Thumb Code    82  stm32f4xx_hal_tim.o(i.TIM_OC3_SetConfig)
    i.TIM_OC4_SetConfig                      0x08002acc   Section        0  stm32f4xx_hal_tim.o(i.TIM_OC4_SetConfig)
    TIM_OC4_SetConfig                        0x08002acd   Thumb Code    64  stm32f4xx_hal_tim.o(i.TIM_OC4_SetConfig)
    i.TIM_TI1_ConfigInputStage               0x08002b10   Section        0  stm32f4xx_hal_tim.o(i.TIM_TI1_ConfigInputStage)
    TIM_TI1_ConfigInputStage                 0x08002b11   Thumb Code    34  stm32f4xx_hal_tim.o(i.TIM_TI1_ConfigInputStage)
    i.TIM_TI2_ConfigInputStage               0x08002b32   Section        0  stm32f4xx_hal_tim.o(i.TIM_TI2_ConfigInputStage)
    TIM_TI2_ConfigInputStage                 0x08002b33   Thumb Code    36  stm32f4xx_hal_tim.o(i.TIM_TI2_ConfigInputStage)
    i.Turn_Back                              0x08002b58   Section        0  motor.o(i.Turn_Back)
    i.Turn_Left                              0x08002ba8   Section        0  motor.o(i.Turn_Left)
    i.Turn_Right                             0x08002bf8   Section        0  motor.o(i.Turn_Right)
    i.UART_DMAAbortOnError                   0x08002c4c   Section        0  stm32f4xx_hal_uart.o(i.UART_DMAAbortOnError)
    UART_DMAAbortOnError                     0x08002c4d   Thumb Code    14  stm32f4xx_hal_uart.o(i.UART_DMAAbortOnError)
    i.UART_EndRxTransfer                     0x08002c5a   Section        0  stm32f4xx_hal_uart.o(i.UART_EndRxTransfer)
    UART_EndRxTransfer                       0x08002c5b   Thumb Code    78  stm32f4xx_hal_uart.o(i.UART_EndRxTransfer)
    i.UART_Receive_IT                        0x08002ca8   Section        0  stm32f4xx_hal_uart.o(i.UART_Receive_IT)
    UART_Receive_IT                          0x08002ca9   Thumb Code   194  stm32f4xx_hal_uart.o(i.UART_Receive_IT)
    i.UART_SetConfig                         0x08002d6c   Section        0  stm32f4xx_hal_uart.o(i.UART_SetConfig)
    UART_SetConfig                           0x08002d6d   Thumb Code   258  stm32f4xx_hal_uart.o(i.UART_SetConfig)
    i.UART_Start_Receive_IT                  0x08002e78   Section        0  stm32f4xx_hal_uart.o(i.UART_Start_Receive_IT)
    i.USART1_IRQHandler                      0x08002eb0   Section        0  stm32f4xx_it.o(i.USART1_IRQHandler)
    i.UsageFault_Handler                     0x08002ebc   Section        0  stm32f4xx_it.o(i.UsageFault_Handler)
    i.__0sprintf$1                           0x08002ec0   Section        0  printf1.o(i.__0sprintf$1)
    i.__NVIC_SetPriority                     0x08002ee8   Section        0  stm32f4xx_hal_cortex.o(i.__NVIC_SetPriority)
    __NVIC_SetPriority                       0x08002ee9   Thumb Code    32  stm32f4xx_hal_cortex.o(i.__NVIC_SetPriority)
    i.__scatterload_copy                     0x08002f08   Section       14  handlers.o(i.__scatterload_copy)
    i.__scatterload_null                     0x08002f16   Section        2  handlers.o(i.__scatterload_null)
    i.__scatterload_zeroinit                 0x08002f18   Section       14  handlers.o(i.__scatterload_zeroinit)
    i._printf_core                           0x08002f28   Section        0  printf1.o(i._printf_core)
    _printf_core                             0x08002f29   Thumb Code   336  printf1.o(i._printf_core)
    i._sputc                                 0x0800307c   Section        0  printf1.o(i._sputc)
    _sputc                                   0x0800307d   Thumb Code    10  printf1.o(i._sputc)
    i.main                                   0x08003088   Section        0  main.o(i.main)
    i.turn_process                           0x080031d8   Section        0  control.o(i.turn_process)
    .constdata                               0x080032a8   Section       16  system_stm32f4xx.o(.constdata)
    .constdata                               0x080032b8   Section        8  system_stm32f4xx.o(.constdata)
    .constdata                               0x080032c0   Section     1140  font.o(.constdata)
    .constdata                               0x08003734   Section        8  font.o(.constdata)
    .data                                    0x20000000   Section        4  main.o(.data)
    .data                                    0x20000004   Section       12  stm32f4xx_hal.o(.data)
    .data                                    0x20000010   Section        4  system_stm32f4xx.o(.data)
    .data                                    0x20000014   Section        4  oled.o(.data)
    temp                                     0x20000014   Data           1  oled.o(.data)
    temp                                     0x20000015   Data           1  oled.o(.data)
    sendBuffer                               0x20000016   Data           2  oled.o(.data)
    .data                                    0x20000018   Section       20  motor.o(.data)
    count                                    0x2000001a   Data           1  motor.o(.data)
    .data                                    0x2000002c   Section        5  key.o(.data)
    count                                    0x2000002d   Data           1  key.o(.data)
    CurrState                                0x2000002e   Data           1  key.o(.data)
    PreState                                 0x2000002f   Data           1  key.o(.data)
    .data                                    0x20000034   Section       24  route.o(.data)
    count                                    0x2000003c   Data           4  route.o(.data)
    .data                                    0x2000004c   Section       16  pid.o(.data)
    count                                    0x2000004d   Data           1  pid.o(.data)
    error_sum                                0x20000054   Data           4  pid.o(.data)
    last_error                               0x20000058   Data           4  pid.o(.data)
    .data                                    0x2000005c   Section        3  control.o(.data)
    .bss                                     0x20000060   Section       20  main.o(.bss)
    .bss                                     0x20000074   Section       84  i2c.o(.bss)
    .bss                                     0x200000c8   Section      288  tim.o(.bss)
    .bss                                     0x200001e8   Section       72  usart.o(.bss)
    .bss                                     0x20000230   Section     1153  oled.o(.bss)
    sendBuffer                               0x20000230   Data         129  oled.o(.bss)
    .bss                                     0x200006b4   Section       20  control.o(.bss)
    STACK                                    0x200006c8   Section     1024  startup_stm32f401xc.o(STACK)

    Global Symbols

    Symbol Name                              Value     Ov Type        Size  Object(Section)

    BuildAttributes$$THM_ISAv4$E$P$D$K$B$S$7EM$VFPi3$EXTD16$VFPS$VFMA$PE$A:L22UL41UL21$X:L11$S22US41US21$IEEE1$IW$USESV6$~STKCKD$USESV7$~SHL$OSPACE$ROPI$EBA8$MICROLIB$REQ8$PRES8$EABIv2 0x00000000   Number         0  anon$$obj.o ABSOLUTE
    __ARM_use_no_argv                        0x00000000   Number         0  main.o ABSOLUTE
    _printf_a                                0x00000000   Number         0  stubs.o ABSOLUTE
    _printf_c                                0x00000000   Number         0  stubs.o ABSOLUTE
    _printf_charcount                        0x00000000   Number         0  stubs.o ABSOLUTE
    _printf_d                                0x00000000   Number         0  stubs.o ABSOLUTE
    _printf_e                                0x00000000   Number         0  stubs.o ABSOLUTE
    _printf_f                                0x00000000   Number         0  stubs.o ABSOLUTE
    _printf_flags                            0x00000000   Number         0  stubs.o ABSOLUTE
    _printf_fp_dec                           0x00000000   Number         0  stubs.o ABSOLUTE
    _printf_fp_hex                           0x00000000   Number         0  stubs.o ABSOLUTE
    _printf_g                                0x00000000   Number         0  stubs.o ABSOLUTE
    _printf_i                                0x00000000   Number         0  stubs.o ABSOLUTE
    _printf_int_dec                          0x00000000   Number         0  stubs.o ABSOLUTE
    _printf_l                                0x00000000   Number         0  stubs.o ABSOLUTE
    _printf_lc                               0x00000000   Number         0  stubs.o ABSOLUTE
    _printf_ll                               0x00000000   Number         0  stubs.o ABSOLUTE
    _printf_lld                              0x00000000   Number         0  stubs.o ABSOLUTE
    _printf_lli                              0x00000000   Number         0  stubs.o ABSOLUTE
    _printf_llo                              0x00000000   Number         0  stubs.o ABSOLUTE
    _printf_llu                              0x00000000   Number         0  stubs.o ABSOLUTE
    _printf_llx                              0x00000000   Number         0  stubs.o ABSOLUTE
    _printf_longlong_dec                     0x00000000   Number         0  stubs.o ABSOLUTE
    _printf_longlong_hex                     0x00000000   Number         0  stubs.o ABSOLUTE
    _printf_longlong_oct                     0x00000000   Number         0  stubs.o ABSOLUTE
    _printf_ls                               0x00000000   Number         0  stubs.o ABSOLUTE
    _printf_mbtowc                           0x00000000   Number         0  stubs.o ABSOLUTE
    _printf_n                                0x00000000   Number         0  stubs.o ABSOLUTE
    _printf_o                                0x00000000   Number         0  stubs.o ABSOLUTE
    _printf_p                                0x00000000   Number         0  stubs.o ABSOLUTE
    _printf_percent                          0x00000000   Number         0  stubs.o ABSOLUTE
    _printf_pre_padding                      0x00000000   Number         0  stubs.o ABSOLUTE
    _printf_return_value                     0x00000000   Number         0  stubs.o ABSOLUTE
    _printf_s                                0x00000000   Number         0  stubs.o ABSOLUTE
    _printf_sizespec                         0x00000000   Number         0  stubs.o ABSOLUTE
    _printf_str                              0x00000000   Number         0  stubs.o ABSOLUTE
    _printf_truncate_signed                  0x00000000   Number         0  stubs.o ABSOLUTE
    _printf_truncate_unsigned                0x00000000   Number         0  stubs.o ABSOLUTE
    _printf_u                                0x00000000   Number         0  stubs.o ABSOLUTE
    _printf_wc                               0x00000000   Number         0  stubs.o ABSOLUTE
    _printf_wctomb                           0x00000000   Number         0  stubs.o ABSOLUTE
    _printf_widthprec                        0x00000000   Number         0  stubs.o ABSOLUTE
    _printf_x                                0x00000000   Number         0  stubs.o ABSOLUTE
    __arm_fini_                               - Undefined Weak Reference
    __cpp_initialize__aeabi_                  - Undefined Weak Reference
    __cxa_finalize                            - Undefined Weak Reference
    __decompress                              - Undefined Weak Reference
    _clock_init                               - Undefined Weak Reference
    _microlib_exit                            - Undefined Weak Reference
    __Vectors_Size                           0x00000194   Number         0  startup_stm32f401xc.o ABSOLUTE
    __Vectors                                0x08000000   Data           4  startup_stm32f401xc.o(RESET)
    __Vectors_End                            0x08000194   Data           0  startup_stm32f401xc.o(RESET)
    __main                                   0x08000195   Thumb Code     0  entry.o(.ARM.Collect$$$$00000000)
    _main_stk                                0x08000195   Thumb Code     0  entry2.o(.ARM.Collect$$$$00000001)
    _main_scatterload                        0x08000199   Thumb Code     0  entry5.o(.ARM.Collect$$$$00000004)
    __main_after_scatterload                 0x0800019d   Thumb Code     0  entry5.o(.ARM.Collect$$$$00000004)
    _main_clock                              0x0800019d   Thumb Code     0  entry7b.o(.ARM.Collect$$$$00000008)
    _main_cpp_init                           0x0800019d   Thumb Code     0  entry8b.o(.ARM.Collect$$$$0000000A)
    _main_init                               0x0800019d   Thumb Code     0  entry9a.o(.ARM.Collect$$$$0000000B)
    __rt_lib_shutdown_fini                   0x080001a5   Thumb Code     0  entry12b.o(.ARM.Collect$$$$0000000E)
    __rt_final_cpp                           0x080001a9   Thumb Code     0  entry10a.o(.ARM.Collect$$$$0000000F)
    __rt_final_exit                          0x080001a9   Thumb Code     0  entry11a.o(.ARM.Collect$$$$00000011)
    Reset_Handler                            0x080001ad   Thumb Code     8  startup_stm32f401xc.o(.text)
    ADC_IRQHandler                           0x080001c7   Thumb Code     0  startup_stm32f401xc.o(.text)
    DMA1_Stream0_IRQHandler                  0x080001c7   Thumb Code     0  startup_stm32f401xc.o(.text)
    DMA1_Stream1_IRQHandler                  0x080001c7   Thumb Code     0  startup_stm32f401xc.o(.text)
    DMA1_Stream2_IRQHandler                  0x080001c7   Thumb Code     0  startup_stm32f401xc.o(.text)
    DMA1_Stream3_IRQHandler                  0x080001c7   Thumb Code     0  startup_stm32f401xc.o(.text)
    DMA1_Stream4_IRQHandler                  0x080001c7   Thumb Code     0  startup_stm32f401xc.o(.text)
    DMA1_Stream5_IRQHandler                  0x080001c7   Thumb Code     0  startup_stm32f401xc.o(.text)
    DMA1_Stream6_IRQHandler                  0x080001c7   Thumb Code     0  startup_stm32f401xc.o(.text)
    DMA1_Stream7_IRQHandler                  0x080001c7   Thumb Code     0  startup_stm32f401xc.o(.text)
    DMA2_Stream0_IRQHandler                  0x080001c7   Thumb Code     0  startup_stm32f401xc.o(.text)
    DMA2_Stream1_IRQHandler                  0x080001c7   Thumb Code     0  startup_stm32f401xc.o(.text)
    DMA2_Stream2_IRQHandler                  0x080001c7   Thumb Code     0  startup_stm32f401xc.o(.text)
    DMA2_Stream3_IRQHandler                  0x080001c7   Thumb Code     0  startup_stm32f401xc.o(.text)
    DMA2_Stream4_IRQHandler                  0x080001c7   Thumb Code     0  startup_stm32f401xc.o(.text)
    DMA2_Stream5_IRQHandler                  0x080001c7   Thumb Code     0  startup_stm32f401xc.o(.text)
    DMA2_Stream6_IRQHandler                  0x080001c7   Thumb Code     0  startup_stm32f401xc.o(.text)
    DMA2_Stream7_IRQHandler                  0x080001c7   Thumb Code     0  startup_stm32f401xc.o(.text)
    EXTI0_IRQHandler                         0x080001c7   Thumb Code     0  startup_stm32f401xc.o(.text)
    EXTI15_10_IRQHandler                     0x080001c7   Thumb Code     0  startup_stm32f401xc.o(.text)
    EXTI1_IRQHandler                         0x080001c7   Thumb Code     0  startup_stm32f401xc.o(.text)
    EXTI2_IRQHandler                         0x080001c7   Thumb Code     0  startup_stm32f401xc.o(.text)
    EXTI3_IRQHandler                         0x080001c7   Thumb Code     0  startup_stm32f401xc.o(.text)
    EXTI4_IRQHandler                         0x080001c7   Thumb Code     0  startup_stm32f401xc.o(.text)
    EXTI9_5_IRQHandler                       0x080001c7   Thumb Code     0  startup_stm32f401xc.o(.text)
    FLASH_IRQHandler                         0x080001c7   Thumb Code     0  startup_stm32f401xc.o(.text)
    FPU_IRQHandler                           0x080001c7   Thumb Code     0  startup_stm32f401xc.o(.text)
    I2C1_ER_IRQHandler                       0x080001c7   Thumb Code     0  startup_stm32f401xc.o(.text)
    I2C1_EV_IRQHandler                       0x080001c7   Thumb Code     0  startup_stm32f401xc.o(.text)
    I2C2_ER_IRQHandler                       0x080001c7   Thumb Code     0  startup_stm32f401xc.o(.text)
    I2C2_EV_IRQHandler                       0x080001c7   Thumb Code     0  startup_stm32f401xc.o(.text)
    I2C3_ER_IRQHandler                       0x080001c7   Thumb Code     0  startup_stm32f401xc.o(.text)
    I2C3_EV_IRQHandler                       0x080001c7   Thumb Code     0  startup_stm32f401xc.o(.text)
    OTG_FS_IRQHandler                        0x080001c7   Thumb Code     0  startup_stm32f401xc.o(.text)
    OTG_FS_WKUP_IRQHandler                   0x080001c7   Thumb Code     0  startup_stm32f401xc.o(.text)
    PVD_IRQHandler                           0x080001c7   Thumb Code     0  startup_stm32f401xc.o(.text)
    RCC_IRQHandler                           0x080001c7   Thumb Code     0  startup_stm32f401xc.o(.text)
    RTC_Alarm_IRQHandler                     0x080001c7   Thumb Code     0  startup_stm32f401xc.o(.text)
    RTC_WKUP_IRQHandler                      0x080001c7   Thumb Code     0  startup_stm32f401xc.o(.text)
    SDIO_IRQHandler                          0x080001c7   Thumb Code     0  startup_stm32f401xc.o(.text)
    SPI1_IRQHandler                          0x080001c7   Thumb Code     0  startup_stm32f401xc.o(.text)
    SPI2_IRQHandler                          0x080001c7   Thumb Code     0  startup_stm32f401xc.o(.text)
    SPI3_IRQHandler                          0x080001c7   Thumb Code     0  startup_stm32f401xc.o(.text)
    SPI4_IRQHandler                          0x080001c7   Thumb Code     0  startup_stm32f401xc.o(.text)
    TAMP_STAMP_IRQHandler                    0x080001c7   Thumb Code     0  startup_stm32f401xc.o(.text)
    TIM1_CC_IRQHandler                       0x080001c7   Thumb Code     0  startup_stm32f401xc.o(.text)
    TIM1_TRG_COM_TIM11_IRQHandler            0x080001c7   Thumb Code     0  startup_stm32f401xc.o(.text)
    TIM1_UP_TIM10_IRQHandler                 0x080001c7   Thumb Code     0  startup_stm32f401xc.o(.text)
    TIM2_IRQHandler                          0x080001c7   Thumb Code     0  startup_stm32f401xc.o(.text)
    TIM3_IRQHandler                          0x080001c7   Thumb Code     0  startup_stm32f401xc.o(.text)
    TIM4_IRQHandler                          0x080001c7   Thumb Code     0  startup_stm32f401xc.o(.text)
    TIM5_IRQHandler                          0x080001c7   Thumb Code     0  startup_stm32f401xc.o(.text)
    USART2_IRQHandler                        0x080001c7   Thumb Code     0  startup_stm32f401xc.o(.text)
    USART6_IRQHandler                        0x080001c7   Thumb Code     0  startup_stm32f401xc.o(.text)
    WWDG_IRQHandler                          0x080001c7   Thumb Code     0  startup_stm32f401xc.o(.text)
    __aeabi_uldivmod                         0x080001d1   Thumb Code    98  uldiv.o(.text)
    __aeabi_memcpy                           0x08000233   Thumb Code    36  memcpya.o(.text)
    __aeabi_memcpy4                          0x08000233   Thumb Code     0  memcpya.o(.text)
    __aeabi_memcpy8                          0x08000233   Thumb Code     0  memcpya.o(.text)
    __aeabi_memset                           0x08000257   Thumb Code    14  memseta.o(.text)
    __aeabi_memset4                          0x08000257   Thumb Code     0  memseta.o(.text)
    __aeabi_memset8                          0x08000257   Thumb Code     0  memseta.o(.text)
    __aeabi_memclr                           0x08000265   Thumb Code     4  memseta.o(.text)
    __aeabi_memclr4                          0x08000265   Thumb Code     0  memseta.o(.text)
    __aeabi_memclr8                          0x08000265   Thumb Code     0  memseta.o(.text)
    _memset$wrapper                          0x08000269   Thumb Code    18  memseta.o(.text)
    __aeabi_uidiv                            0x0800027b   Thumb Code     0  uidiv.o(.text)
    __aeabi_uidivmod                         0x0800027b   Thumb Code    44  uidiv.o(.text)
    __aeabi_llsl                             0x080002a7   Thumb Code    30  llshl.o(.text)
    _ll_shift_l                              0x080002a7   Thumb Code     0  llshl.o(.text)
    __aeabi_llsr                             0x080002c5   Thumb Code    32  llushr.o(.text)
    _ll_ushift_r                             0x080002c5   Thumb Code     0  llushr.o(.text)
    __scatterload                            0x080002e5   Thumb Code    28  init.o(.text)
    __scatterload_rt2                        0x080002e5   Thumb Code     0  init.o(.text)
    BusFault_Handler                         0x08000309   Thumb Code     2  stm32f4xx_it.o(i.BusFault_Handler)
    Clear_Distance                           0x0800030d   Thumb Code    10  motor.o(i.Clear_Distance)
    DebugMon_Handler                         0x0800031d   Thumb Code     2  stm32f4xx_it.o(i.DebugMon_Handler)
    Error_Handler                            0x0800031f   Thumb Code     4  main.o(i.Error_Handler)
    GO_Distance                              0x08000325   Thumb Code    78  motor.o(i.GO_Distance)
    Get_Encoder_Open                         0x08000379   Thumb Code     8  motor.o(i.Get_Encoder_Open)
    Get_Encoder_Tick                         0x08000385   Thumb Code    74  motor.o(i.Get_Encoder_Tick)
    Get_Left_Distance                        0x080003dd   Thumb Code    44  motor.o(i.Get_Left_Distance)
    Get_Right_Distance                       0x08000411   Thumb Code    44  motor.o(i.Get_Right_Distance)
    Get_Route_Error                          0x08000445   Thumb Code     8  route.o(i.Get_Route_Error)
    Get_Route_Error_Tick                     0x08000451   Thumb Code   190  route.o(i.Get_Route_Error_Tick)
    HAL_DMA_Abort                            0x08000521   Thumb Code   146  stm32f4xx_hal_dma.o(i.HAL_DMA_Abort)
    HAL_DMA_Abort_IT                         0x080005b3   Thumb Code    36  stm32f4xx_hal_dma.o(i.HAL_DMA_Abort_IT)
    HAL_GPIO_Init                            0x080005d9   Thumb Code   446  stm32f4xx_hal_gpio.o(i.HAL_GPIO_Init)
    HAL_GPIO_ReadPin                         0x080007b9   Thumb Code    10  stm32f4xx_hal_gpio.o(i.HAL_GPIO_ReadPin)
    HAL_GPIO_WritePin                        0x080007c3   Thumb Code    10  stm32f4xx_hal_gpio.o(i.HAL_GPIO_WritePin)
    HAL_GetTick                              0x080007cd   Thumb Code     6  stm32f4xx_hal.o(i.HAL_GetTick)
    HAL_I2C_Init                             0x080007d9   Thumb Code   376  stm32f4xx_hal_i2c.o(i.HAL_I2C_Init)
    HAL_I2C_Master_Transmit                  0x08000961   Thumb Code   290  stm32f4xx_hal_i2c.o(i.HAL_I2C_Master_Transmit)
    HAL_I2C_MspInit                          0x08000a8d   Thumb Code    94  i2c.o(i.HAL_I2C_MspInit)
    HAL_IncTick                              0x08000af9   Thumb Code    12  stm32f4xx_hal.o(i.HAL_IncTick)
    HAL_Init                                 0x08000b09   Thumb Code    48  stm32f4xx_hal.o(i.HAL_Init)
    HAL_InitTick                             0x08000b3d   Thumb Code    54  stm32f4xx_hal.o(i.HAL_InitTick)
    HAL_MspInit                              0x08000b7d   Thumb Code    42  stm32f4xx_hal_msp.o(i.HAL_MspInit)
    HAL_NVIC_EnableIRQ                       0x08000bad   Thumb Code    26  stm32f4xx_hal_cortex.o(i.HAL_NVIC_EnableIRQ)
    HAL_NVIC_SetPriority                     0x08000bc9   Thumb Code    60  stm32f4xx_hal_cortex.o(i.HAL_NVIC_SetPriority)
    HAL_NVIC_SetPriorityGrouping             0x08000c09   Thumb Code    26  stm32f4xx_hal_cortex.o(i.HAL_NVIC_SetPriorityGrouping)
    HAL_RCC_ClockConfig                      0x08000c2d   Thumb Code   288  stm32f4xx_hal_rcc.o(i.HAL_RCC_ClockConfig)
    HAL_RCC_GetPCLK1Freq                     0x08000d61   Thumb Code    20  stm32f4xx_hal_rcc.o(i.HAL_RCC_GetPCLK1Freq)
    HAL_RCC_GetPCLK2Freq                     0x08000d81   Thumb Code    20  stm32f4xx_hal_rcc.o(i.HAL_RCC_GetPCLK2Freq)
    HAL_RCC_GetSysClockFreq                  0x08000da1   Thumb Code    88  stm32f4xx_hal_rcc.o(i.HAL_RCC_GetSysClockFreq)
    HAL_RCC_OscConfig                        0x08000e05   Thumb Code   856  stm32f4xx_hal_rcc.o(i.HAL_RCC_OscConfig)
    HAL_SYSTICK_Config                       0x08001171   Thumb Code    40  stm32f4xx_hal_cortex.o(i.HAL_SYSTICK_Config)
    HAL_TIMEx_BreakCallback                  0x08001199   Thumb Code     2  stm32f4xx_hal_tim_ex.o(i.HAL_TIMEx_BreakCallback)
    HAL_TIMEx_CommutCallback                 0x0800119b   Thumb Code     2  stm32f4xx_hal_tim_ex.o(i.HAL_TIMEx_CommutCallback)
    HAL_TIMEx_MasterConfigSynchronization    0x0800119d   Thumb Code   104  stm32f4xx_hal_tim_ex.o(i.HAL_TIMEx_MasterConfigSynchronization)
    HAL_TIM_Base_Init                        0x08001219   Thumb Code    90  stm32f4xx_hal_tim.o(i.HAL_TIM_Base_Init)
    HAL_TIM_Base_MspInit                     0x08001275   Thumb Code    50  tim.o(i.HAL_TIM_Base_MspInit)
    HAL_TIM_Base_Start_IT                    0x080012b1   Thumb Code    88  stm32f4xx_hal_tim.o(i.HAL_TIM_Base_Start_IT)
    HAL_TIM_ConfigClockSource                0x0800131d   Thumb Code   220  stm32f4xx_hal_tim.o(i.HAL_TIM_ConfigClockSource)
    HAL_TIM_Encoder_Init                     0x080013f9   Thumb Code   164  stm32f4xx_hal_tim.o(i.HAL_TIM_Encoder_Init)
    HAL_TIM_Encoder_MspInit                  0x0800149d   Thumb Code   140  tim.o(i.HAL_TIM_Encoder_MspInit)
    HAL_TIM_Encoder_Start                    0x0800153d   Thumb Code   142  stm32f4xx_hal_tim.o(i.HAL_TIM_Encoder_Start)
    HAL_TIM_IC_CaptureCallback               0x080015cb   Thumb Code     2  stm32f4xx_hal_tim.o(i.HAL_TIM_IC_CaptureCallback)
    HAL_TIM_IRQHandler                       0x080015cd   Thumb Code   304  stm32f4xx_hal_tim.o(i.HAL_TIM_IRQHandler)
    HAL_TIM_MspPostInit                      0x080016fd   Thumb Code   106  tim.o(i.HAL_TIM_MspPostInit)
    HAL_TIM_OC_DelayElapsedCallback          0x08001775   Thumb Code     2  stm32f4xx_hal_tim.o(i.HAL_TIM_OC_DelayElapsedCallback)
    HAL_TIM_PWM_ConfigChannel                0x08001777   Thumb Code   204  stm32f4xx_hal_tim.o(i.HAL_TIM_PWM_ConfigChannel)
    HAL_TIM_PWM_Init                         0x08001843   Thumb Code    90  stm32f4xx_hal_tim.o(i.HAL_TIM_PWM_Init)
    HAL_TIM_PWM_MspInit                      0x0800189d   Thumb Code    30  tim.o(i.HAL_TIM_PWM_MspInit)
    HAL_TIM_PWM_PulseFinishedCallback        0x080018c1   Thumb Code     2  stm32f4xx_hal_tim.o(i.HAL_TIM_PWM_PulseFinishedCallback)
    HAL_TIM_PWM_Start                        0x080018c5   Thumb Code   156  stm32f4xx_hal_tim.o(i.HAL_TIM_PWM_Start)
    HAL_TIM_PeriodElapsedCallback            0x08001975   Thumb Code    32  main.o(i.HAL_TIM_PeriodElapsedCallback)
    HAL_TIM_TriggerCallback                  0x08001999   Thumb Code     2  stm32f4xx_hal_tim.o(i.HAL_TIM_TriggerCallback)
    HAL_UARTEx_RxEventCallback               0x0800199b   Thumb Code     2  stm32f4xx_hal_uart.o(i.HAL_UARTEx_RxEventCallback)
    HAL_UART_ErrorCallback                   0x0800199d   Thumb Code     2  stm32f4xx_hal_uart.o(i.HAL_UART_ErrorCallback)
    HAL_UART_IRQHandler                      0x080019a1   Thumb Code   636  stm32f4xx_hal_uart.o(i.HAL_UART_IRQHandler)
    HAL_UART_Init                            0x08001c21   Thumb Code   100  stm32f4xx_hal_uart.o(i.HAL_UART_Init)
    HAL_UART_MspInit                         0x08001c85   Thumb Code   110  usart.o(i.HAL_UART_MspInit)
    HAL_UART_Receive_IT                      0x08001d01   Thumb Code    28  stm32f4xx_hal_uart.o(i.HAL_UART_Receive_IT)
    HAL_UART_RxCpltCallback                  0x08001d1d   Thumb Code   106  main.o(i.HAL_UART_RxCpltCallback)
    HAL_UART_TxCpltCallback                  0x08001d95   Thumb Code     2  stm32f4xx_hal_uart.o(i.HAL_UART_TxCpltCallback)
    HardFault_Handler                        0x08001d97   Thumb Code     2  stm32f4xx_it.o(i.HardFault_Handler)
    Key_GetNum                               0x08002061   Thumb Code    10  key.o(i.Key_GetNum)
    Key_GetState                             0x08002071   Thumb Code    38  key.o(i.Key_GetState)
    Key_Open                                 0x0800209d   Thumb Code     8  key.o(i.Key_Open)
    Key_Tick                                 0x080020a9   Thumb Code    50  key.o(i.Key_Tick)
    Load                                     0x080020e1   Thumb Code   108  motor.o(i.Load)
    MX_GPIO_Init                             0x08002159   Thumb Code   178  gpio.o(i.MX_GPIO_Init)
    MX_I2C1_Init                             0x08002219   Thumb Code    50  i2c.o(i.MX_I2C1_Init)
    MX_TIM2_Init                             0x08002259   Thumb Code   122  tim.o(i.MX_TIM2_Init)
    MX_TIM4_Init                             0x080022d9   Thumb Code   100  tim.o(i.MX_TIM4_Init)
    MX_TIM5_Init                             0x08002345   Thumb Code    98  tim.o(i.MX_TIM5_Init)
    MX_TIM9_Init                             0x080023b1   Thumb Code    68  tim.o(i.MX_TIM9_Init)
    MX_USART1_UART_Init                      0x080023fd   Thumb Code    48  usart.o(i.MX_USART1_UART_Init)
    MemManage_Handler                        0x08002435   Thumb Code     2  stm32f4xx_it.o(i.MemManage_Handler)
    Motor_Init                               0x08002439   Thumb Code    38  motor.o(i.Motor_Init)
    NMI_Handler                              0x0800246d   Thumb Code     2  stm32f4xx_it.o(i.NMI_Handler)
    OLED_Init                                0x0800246f   Thumb Code   182  oled.o(i.OLED_Init)
    OLED_NewFrame                            0x08002525   Thumb Code    10  oled.o(i.OLED_NewFrame)
    OLED_PrintASCIIChar                      0x08002535   Thumb Code    34  oled.o(i.OLED_PrintASCIIChar)
    OLED_PrintASCIIString                    0x08002557   Thumb Code    46  oled.o(i.OLED_PrintASCIIString)
    OLED_Send                                0x08002585   Thumb Code    22  oled.o(i.OLED_Send)
    OLED_SendCmd                             0x080025a1   Thumb Code    12  oled.o(i.OLED_SendCmd)
    OLED_SetBits                             0x080025b1   Thumb Code    72  oled.o(i.OLED_SetBits)
    OLED_SetBits_Fine                        0x080025f9   Thumb Code   104  oled.o(i.OLED_SetBits_Fine)
    OLED_SetBlock                            0x08002661   Thumb Code   136  oled.o(i.OLED_SetBlock)
    OLED_SetByte_Fine                        0x080026e9   Thumb Code    64  oled.o(i.OLED_SetByte_Fine)
    OLED_ShowFrame                           0x08002731   Thumb Code    68  oled.o(i.OLED_ShowFrame)
    PendSV_Handler                           0x08002779   Thumb Code     2  stm32f4xx_it.o(i.PendSV_Handler)
    Pid_Close                                0x0800277d   Thumb Code    12  pid.o(i.Pid_Close)
    Pid_Controller_Tick                      0x0800278d   Thumb Code    96  pid.o(i.Pid_Controller_Tick)
    Pid_Open                                 0x080027f1   Thumb Code    10  pid.o(i.Pid_Open)
    Route_Close                              0x08002801   Thumb Code    30  route.o(i.Route_Close)
    Route_Open                               0x08002829   Thumb Code     8  route.o(i.Route_Open)
    SVC_Handler                              0x08002835   Thumb Code     2  stm32f4xx_it.o(i.SVC_Handler)
    SysTick_Handler                          0x08002837   Thumb Code     4  stm32f4xx_it.o(i.SysTick_Handler)
    SystemClock_Config                       0x0800283d   Thumb Code   140  main.o(i.SystemClock_Config)
    SystemInit                               0x080028d1   Thumb Code    12  system_stm32f4xx.o(i.SystemInit)
    TIM1_BRK_TIM9_IRQHandler                 0x080028e1   Thumb Code     6  stm32f4xx_it.o(i.TIM1_BRK_TIM9_IRQHandler)
    TIM_Base_SetConfig                       0x080028ed   Thumb Code   130  stm32f4xx_hal_tim.o(i.TIM_Base_SetConfig)
    TIM_CCxChannelCmd                        0x0800298d   Thumb Code    26  stm32f4xx_hal_tim.o(i.TIM_CCxChannelCmd)
    TIM_ETR_SetConfig                        0x080029a7   Thumb Code    20  stm32f4xx_hal_tim.o(i.TIM_ETR_SetConfig)
    TIM_OC2_SetConfig                        0x08002a1d   Thumb Code    84  stm32f4xx_hal_tim.o(i.TIM_OC2_SetConfig)
    Turn_Back                                0x08002b59   Thumb Code    74  motor.o(i.Turn_Back)
    Turn_Left                                0x08002ba9   Thumb Code    74  motor.o(i.Turn_Left)
    Turn_Right                               0x08002bf9   Thumb Code    78  motor.o(i.Turn_Right)
    UART_Start_Receive_IT                    0x08002e79   Thumb Code    54  stm32f4xx_hal_uart.o(i.UART_Start_Receive_IT)
    USART1_IRQHandler                        0x08002eb1   Thumb Code     6  stm32f4xx_it.o(i.USART1_IRQHandler)
    UsageFault_Handler                       0x08002ebd   Thumb Code     2  stm32f4xx_it.o(i.UsageFault_Handler)
    __0sprintf$1                             0x08002ec1   Thumb Code    34  printf1.o(i.__0sprintf$1)
    __1sprintf$1                             0x08002ec1   Thumb Code     0  printf1.o(i.__0sprintf$1)
    __2sprintf                               0x08002ec1   Thumb Code     0  printf1.o(i.__0sprintf$1)
    __scatterload_copy                       0x08002f09   Thumb Code    14  handlers.o(i.__scatterload_copy)
    __scatterload_null                       0x08002f17   Thumb Code     2  handlers.o(i.__scatterload_null)
    __scatterload_zeroinit                   0x08002f19   Thumb Code    14  handlers.o(i.__scatterload_zeroinit)
    main                                     0x08003089   Thumb Code   268  main.o(i.main)
    turn_process                             0x080031d9   Thumb Code   200  control.o(i.turn_process)
    AHBPrescTable                            0x080032a8   Data          16  system_stm32f4xx.o(.constdata)
    APBPrescTable                            0x080032b8   Data           8  system_stm32f4xx.o(.constdata)
    ascii_12x6                               0x080032c0   Data        1140  font.o(.constdata)
    afont12x6                                0x08003734   Data           8  font.o(.constdata)
    Region$$Table$$Base                      0x0800373c   Number         0  anon$$obj.o(Region$$Table)
    Region$$Table$$Limit                     0x0800375c   Number         0  anon$$obj.o(Region$$Table)
    Move_Flag                                0x20000000   Data           1  main.o(.data)
    i                                        0x20000001   Data           1  main.o(.data)
    uart_message                             0x20000002   Data           2  main.o(.data)
    uwTickFreq                               0x20000004   Data           1  stm32f4xx_hal.o(.data)
    uwTickPrio                               0x20000008   Data           4  stm32f4xx_hal.o(.data)
    uwTick                                   0x2000000c   Data           4  stm32f4xx_hal.o(.data)
    SystemCoreClock                          0x20000010   Data           4  system_stm32f4xx.o(.data)
    Get_Encoder_Flag                         0x20000018   Data           1  motor.o(.data)
    Get_Distance_Flag                        0x20000019   Data           1  motor.o(.data)
    Left_Encoder                             0x2000001c   Data           4  motor.o(.data)
    Right_Encoder                            0x20000020   Data           4  motor.o(.data)
    Left_Distance                            0x20000024   Data           4  motor.o(.data)
    Right_Distance                           0x20000028   Data           4  motor.o(.data)
    Key_Flag                                 0x2000002c   Data           1  key.o(.data)
    Key_Num                                  0x20000030   Data           1  key.o(.data)
    Route_Flag                               0x20000034   Data           1  route.o(.data)
    Turn_Flag                                0x20000035   Data           1  route.o(.data)
    Route_Error                              0x20000038   Data           4  route.o(.data)
    senser_value                             0x20000040   Data           6  route.o(.data)
    senser_state                             0x20000046   Data           6  route.o(.data)
    Pid_Flag                                 0x2000004c   Data           1  pid.o(.data)
    Base_Pwm                                 0x20000050   Data           4  pid.o(.data)
    Dir                                      0x2000005c   Data           1  control.o(.data)
    Des                                      0x2000005d   Data           1  control.o(.data)
    Num                                      0x2000005e   Data           1  control.o(.data)
    oled_message                             0x20000060   Data          20  main.o(.bss)
    hi2c1                                    0x20000074   Data          84  i2c.o(.bss)
    htim2                                    0x200000c8   Data          72  tim.o(.bss)
    htim4                                    0x20000110   Data          72  tim.o(.bss)
    htim5                                    0x20000158   Data          72  tim.o(.bss)
    htim9                                    0x200001a0   Data          72  tim.o(.bss)
    huart1                                   0x200001e8   Data          72  usart.o(.bss)
    OLED_GRAM                                0x200002b1   Data        1024  oled.o(.bss)
    TurnChoose                               0x200006b4   Data          20  control.o(.bss)
    __initial_sp                             0x20000ac8   Data           0  startup_stm32f401xc.o(STACK)



==============================================================================

Memory Map of the image

  Image Entry point : 0x08000195

  Load Region LR_IROM1 (Base: 0x08000000, Size: 0x000037bc, Max: 0x00040000, ABSOLUTE)

    Execution Region ER_IROM1 (Exec base: 0x08000000, Load base: 0x08000000, Size: 0x0000375c, Max: 0x00040000, ABSOLUTE)

    Exec Addr    Load Addr    Size         Type   Attr      Idx    E Section Name        Object

    0x08000000   0x08000000   0x00000194   Data   RO            3    RESET               startup_stm32f401xc.o
    0x08000194   0x08000194   0x00000000   Code   RO         4113  * .ARM.Collect$$$$00000000  mc_w.l(entry.o)
    0x08000194   0x08000194   0x00000004   Code   RO         4397    .ARM.Collect$$$$00000001  mc_w.l(entry2.o)
    0x08000198   0x08000198   0x00000004   Code   RO         4400    .ARM.Collect$$$$00000004  mc_w.l(entry5.o)
    0x0800019c   0x0800019c   0x00000000   Code   RO         4402    .ARM.Collect$$$$00000008  mc_w.l(entry7b.o)
    0x0800019c   0x0800019c   0x00000000   Code   RO         4404    .ARM.Collect$$$$0000000A  mc_w.l(entry8b.o)
    0x0800019c   0x0800019c   0x00000008   Code   RO         4405    .ARM.Collect$$$$0000000B  mc_w.l(entry9a.o)
    0x080001a4   0x080001a4   0x00000004   Code   RO         4412    .ARM.Collect$$$$0000000E  mc_w.l(entry12b.o)
    0x080001a8   0x080001a8   0x00000000   Code   RO         4407    .ARM.Collect$$$$0000000F  mc_w.l(entry10a.o)
    0x080001a8   0x080001a8   0x00000000   Code   RO         4409    .ARM.Collect$$$$00000011  mc_w.l(entry11a.o)
    0x080001a8   0x080001a8   0x00000004   Code   RO         4398    .ARM.Collect$$$$00002712  mc_w.l(entry2.o)
    0x080001ac   0x080001ac   0x00000024   Code   RO            4    .text               startup_stm32f401xc.o
    0x080001d0   0x080001d0   0x00000062   Code   RO         4116    .text               mc_w.l(uldiv.o)
    0x08000232   0x08000232   0x00000024   Code   RO         4118    .text               mc_w.l(memcpya.o)
    0x08000256   0x08000256   0x00000024   Code   RO         4120    .text               mc_w.l(memseta.o)
    0x0800027a   0x0800027a   0x0000002c   Code   RO         4414    .text               mc_w.l(uidiv.o)
    0x080002a6   0x080002a6   0x0000001e   Code   RO         4416    .text               mc_w.l(llshl.o)
    0x080002c4   0x080002c4   0x00000020   Code   RO         4418    .text               mc_w.l(llushr.o)
    0x080002e4   0x080002e4   0x00000024   Code   RO         4431    .text               mc_w.l(init.o)
    0x08000308   0x08000308   0x00000002   Code   RO          411    i.BusFault_Handler  stm32f4xx_it.o
    0x0800030a   0x0800030a   0x00000002   PAD
    0x0800030c   0x0800030c   0x00000010   Code   RO         3795    i.Clear_Distance    motor.o
    0x0800031c   0x0800031c   0x00000002   Code   RO          412    i.DebugMon_Handler  stm32f4xx_it.o
    0x0800031e   0x0800031e   0x00000004   Code   RO           13    i.Error_Handler     main.o
    0x08000322   0x08000322   0x00000002   PAD
    0x08000324   0x08000324   0x00000054   Code   RO         3796    i.GO_Distance       motor.o
    0x08000378   0x08000378   0x0000000c   Code   RO         3798    i.Get_Encoder_Open  motor.o
    0x08000384   0x08000384   0x00000058   Code   RO         3799    i.Get_Encoder_Tick  motor.o
    0x080003dc   0x080003dc   0x00000034   Code   RO         3800    i.Get_Left_Distance  motor.o
    0x08000410   0x08000410   0x00000034   Code   RO         3802    i.Get_Right_Distance  motor.o
    0x08000444   0x08000444   0x0000000c   Code   RO         3967    i.Get_Route_Error   route.o
    0x08000450   0x08000450   0x000000d0   Code   RO         3968    i.Get_Route_Error_Tick  route.o
    0x08000520   0x08000520   0x00000092   Code   RO         1476    i.HAL_DMA_Abort     stm32f4xx_hal_dma.o
    0x080005b2   0x080005b2   0x00000024   Code   RO         1477    i.HAL_DMA_Abort_IT  stm32f4xx_hal_dma.o
    0x080005d6   0x080005d6   0x00000002   PAD
    0x080005d8   0x080005d8   0x000001e0   Code   RO         1369    i.HAL_GPIO_Init     stm32f4xx_hal_gpio.o
    0x080007b8   0x080007b8   0x0000000a   Code   RO         1371    i.HAL_GPIO_ReadPin  stm32f4xx_hal_gpio.o
    0x080007c2   0x080007c2   0x0000000a   Code   RO         1373    i.HAL_GPIO_WritePin  stm32f4xx_hal_gpio.o
    0x080007cc   0x080007cc   0x0000000c   Code   RO         1943    i.HAL_GetTick       stm32f4xx_hal.o
    0x080007d8   0x080007d8   0x00000188   Code   RO          534    i.HAL_I2C_Init      stm32f4xx_hal_i2c.o
    0x08000960   0x08000960   0x0000012c   Code   RO          547    i.HAL_I2C_Master_Transmit  stm32f4xx_hal_i2c.o
    0x08000a8c   0x08000a8c   0x0000006c   Code   RO          238    i.HAL_I2C_MspInit   i2c.o
    0x08000af8   0x08000af8   0x00000010   Code   RO         1949    i.HAL_IncTick       stm32f4xx_hal.o
    0x08000b08   0x08000b08   0x00000034   Code   RO         1950    i.HAL_Init          stm32f4xx_hal.o
    0x08000b3c   0x08000b3c   0x00000040   Code   RO         1951    i.HAL_InitTick      stm32f4xx_hal.o
    0x08000b7c   0x08000b7c   0x00000030   Code   RO          499    i.HAL_MspInit       stm32f4xx_hal_msp.o
    0x08000bac   0x08000bac   0x0000001a   Code   RO         1785    i.HAL_NVIC_EnableIRQ  stm32f4xx_hal_cortex.o
    0x08000bc6   0x08000bc6   0x00000002   PAD
    0x08000bc8   0x08000bc8   0x00000040   Code   RO         1791    i.HAL_NVIC_SetPriority  stm32f4xx_hal_cortex.o
    0x08000c08   0x08000c08   0x00000024   Code   RO         1792    i.HAL_NVIC_SetPriorityGrouping  stm32f4xx_hal_cortex.o
    0x08000c2c   0x08000c2c   0x00000134   Code   RO          991    i.HAL_RCC_ClockConfig  stm32f4xx_hal_rcc.o
    0x08000d60   0x08000d60   0x00000020   Code   RO          998    i.HAL_RCC_GetPCLK1Freq  stm32f4xx_hal_rcc.o
    0x08000d80   0x08000d80   0x00000020   Code   RO          999    i.HAL_RCC_GetPCLK2Freq  stm32f4xx_hal_rcc.o
    0x08000da0   0x08000da0   0x00000064   Code   RO         1000    i.HAL_RCC_GetSysClockFreq  stm32f4xx_hal_rcc.o
    0x08000e04   0x08000e04   0x0000036c   Code   RO         1003    i.HAL_RCC_OscConfig  stm32f4xx_hal_rcc.o
    0x08001170   0x08001170   0x00000028   Code   RO         1796    i.HAL_SYSTICK_Config  stm32f4xx_hal_cortex.o
    0x08001198   0x08001198   0x00000002   Code   RO         2894    i.HAL_TIMEx_BreakCallback  stm32f4xx_hal_tim_ex.o
    0x0800119a   0x0800119a   0x00000002   Code   RO         2895    i.HAL_TIMEx_CommutCallback  stm32f4xx_hal_tim_ex.o
    0x0800119c   0x0800119c   0x0000007c   Code   RO         2913    i.HAL_TIMEx_MasterConfigSynchronization  stm32f4xx_hal_tim_ex.o
    0x08001218   0x08001218   0x0000005a   Code   RO         2190    i.HAL_TIM_Base_Init  stm32f4xx_hal_tim.o
    0x08001272   0x08001272   0x00000002   PAD
    0x08001274   0x08001274   0x0000003c   Code   RO          280    i.HAL_TIM_Base_MspInit  tim.o
    0x080012b0   0x080012b0   0x0000006c   Code   RO         2195    i.HAL_TIM_Base_Start_IT  stm32f4xx_hal_tim.o
    0x0800131c   0x0800131c   0x000000dc   Code   RO         2199    i.HAL_TIM_ConfigClockSource  stm32f4xx_hal_tim.o
    0x080013f8   0x080013f8   0x000000a4   Code   RO         2211    i.HAL_TIM_Encoder_Init  stm32f4xx_hal_tim.o
    0x0800149c   0x0800149c   0x000000a0   Code   RO          282    i.HAL_TIM_Encoder_MspInit  tim.o
    0x0800153c   0x0800153c   0x0000008e   Code   RO         2214    i.HAL_TIM_Encoder_Start  stm32f4xx_hal_tim.o
    0x080015ca   0x080015ca   0x00000002   Code   RO         2224    i.HAL_TIM_IC_CaptureCallback  stm32f4xx_hal_tim.o
    0x080015cc   0x080015cc   0x00000130   Code   RO         2238    i.HAL_TIM_IRQHandler  stm32f4xx_hal_tim.o
    0x080016fc   0x080016fc   0x00000078   Code   RO          283    i.HAL_TIM_MspPostInit  tim.o
    0x08001774   0x08001774   0x00000002   Code   RO         2241    i.HAL_TIM_OC_DelayElapsedCallback  stm32f4xx_hal_tim.o
    0x08001776   0x08001776   0x000000cc   Code   RO         2262    i.HAL_TIM_PWM_ConfigChannel  stm32f4xx_hal_tim.o
    0x08001842   0x08001842   0x0000005a   Code   RO         2265    i.HAL_TIM_PWM_Init  stm32f4xx_hal_tim.o
    0x0800189c   0x0800189c   0x00000024   Code   RO          285    i.HAL_TIM_PWM_MspInit  tim.o
    0x080018c0   0x080018c0   0x00000002   Code   RO         2268    i.HAL_TIM_PWM_PulseFinishedCallback  stm32f4xx_hal_tim.o
    0x080018c2   0x080018c2   0x00000002   PAD
    0x080018c4   0x080018c4   0x000000b0   Code   RO         2270    i.HAL_TIM_PWM_Start  stm32f4xx_hal_tim.o
    0x08001974   0x08001974   0x00000024   Code   RO           14    i.HAL_TIM_PeriodElapsedCallback  main.o
    0x08001998   0x08001998   0x00000002   Code   RO         2281    i.HAL_TIM_TriggerCallback  stm32f4xx_hal_tim.o
    0x0800199a   0x0800199a   0x00000002   Code   RO         3173    i.HAL_UARTEx_RxEventCallback  stm32f4xx_hal_uart.o
    0x0800199c   0x0800199c   0x00000002   Code   RO         3187    i.HAL_UART_ErrorCallback  stm32f4xx_hal_uart.o
    0x0800199e   0x0800199e   0x00000002   PAD
    0x080019a0   0x080019a0   0x00000280   Code   RO         3190    i.HAL_UART_IRQHandler  stm32f4xx_hal_uart.o
    0x08001c20   0x08001c20   0x00000064   Code   RO         3191    i.HAL_UART_Init     stm32f4xx_hal_uart.o
    0x08001c84   0x08001c84   0x0000007c   Code   RO          370    i.HAL_UART_MspInit  usart.o
    0x08001d00   0x08001d00   0x0000001c   Code   RO         3196    i.HAL_UART_Receive_IT  stm32f4xx_hal_uart.o
    0x08001d1c   0x08001d1c   0x00000078   Code   RO           15    i.HAL_UART_RxCpltCallback  main.o
    0x08001d94   0x08001d94   0x00000002   Code   RO         3202    i.HAL_UART_TxCpltCallback  stm32f4xx_hal_uart.o
    0x08001d96   0x08001d96   0x00000002   Code   RO          413    i.HardFault_Handler  stm32f4xx_it.o
    0x08001d98   0x08001d98   0x0000002e   Code   RO          577    i.I2C_IsAcknowledgeFailed  stm32f4xx_hal_i2c.o
    0x08001dc6   0x08001dc6   0x00000002   PAD
    0x08001dc8   0x08001dc8   0x0000009c   Code   RO          581    i.I2C_MasterRequestWrite  stm32f4xx_hal_i2c.o
    0x08001e64   0x08001e64   0x00000056   Code   RO          592    i.I2C_WaitOnBTFFlagUntilTimeout  stm32f4xx_hal_i2c.o
    0x08001eba   0x08001eba   0x00000002   PAD
    0x08001ebc   0x08001ebc   0x00000090   Code   RO          593    i.I2C_WaitOnFlagUntilTimeout  stm32f4xx_hal_i2c.o
    0x08001f4c   0x08001f4c   0x000000bc   Code   RO          594    i.I2C_WaitOnMasterAddressFlagUntilTimeout  stm32f4xx_hal_i2c.o
    0x08002008   0x08002008   0x00000056   Code   RO          596    i.I2C_WaitOnTXEFlagUntilTimeout  stm32f4xx_hal_i2c.o
    0x0800205e   0x0800205e   0x00000002   PAD
    0x08002060   0x08002060   0x00000010   Code   RO         3914    i.Key_GetNum        key.o
    0x08002070   0x08002070   0x0000002c   Code   RO         3915    i.Key_GetState      key.o
    0x0800209c   0x0800209c   0x0000000c   Code   RO         3916    i.Key_Open          key.o
    0x080020a8   0x080020a8   0x00000038   Code   RO         3917    i.Key_Tick          key.o
    0x080020e0   0x080020e0   0x00000078   Code   RO         3805    i.Load              motor.o
    0x08002158   0x08002158   0x000000c0   Code   RO          213    i.MX_GPIO_Init      gpio.o
    0x08002218   0x08002218   0x00000040   Code   RO          239    i.MX_I2C1_Init      i2c.o
    0x08002258   0x08002258   0x00000080   Code   RO          286    i.MX_TIM2_Init      tim.o
    0x080022d8   0x080022d8   0x0000006c   Code   RO          287    i.MX_TIM4_Init      tim.o
    0x08002344   0x08002344   0x0000006c   Code   RO          288    i.MX_TIM5_Init      tim.o
    0x080023b0   0x080023b0   0x0000004c   Code   RO          289    i.MX_TIM9_Init      tim.o
    0x080023fc   0x080023fc   0x00000038   Code   RO          371    i.MX_USART1_UART_Init  usart.o
    0x08002434   0x08002434   0x00000002   Code   RO          414    i.MemManage_Handler  stm32f4xx_it.o
    0x08002436   0x08002436   0x00000002   PAD
    0x08002438   0x08002438   0x00000034   Code   RO         3806    i.Motor_Init        motor.o
    0x0800246c   0x0800246c   0x00000002   Code   RO          415    i.NMI_Handler       stm32f4xx_it.o
    0x0800246e   0x0800246e   0x000000b6   Code   RO         3601    i.OLED_Init         oled.o
    0x08002524   0x08002524   0x00000010   Code   RO         3602    i.OLED_NewFrame     oled.o
    0x08002534   0x08002534   0x00000022   Code   RO         3603    i.OLED_PrintASCIIChar  oled.o
    0x08002556   0x08002556   0x0000002e   Code   RO         3604    i.OLED_PrintASCIIString  oled.o
    0x08002584   0x08002584   0x0000001c   Code   RO         3606    i.OLED_Send         oled.o
    0x080025a0   0x080025a0   0x00000010   Code   RO         3607    i.OLED_SendCmd      oled.o
    0x080025b0   0x080025b0   0x00000048   Code   RO         3608    i.OLED_SetBits      oled.o
    0x080025f8   0x080025f8   0x00000068   Code   RO         3609    i.OLED_SetBits_Fine  oled.o
    0x08002660   0x08002660   0x00000088   Code   RO         3610    i.OLED_SetBlock     oled.o
    0x080026e8   0x080026e8   0x00000048   Code   RO         3612    i.OLED_SetByte_Fine  oled.o
    0x08002730   0x08002730   0x00000048   Code   RO         3615    i.OLED_ShowFrame    oled.o
    0x08002778   0x08002778   0x00000002   Code   RO          416    i.PendSV_Handler    stm32f4xx_it.o
    0x0800277a   0x0800277a   0x00000002   PAD
    0x0800277c   0x0800277c   0x00000010   Code   RO         4046    i.Pid_Close         pid.o
    0x0800278c   0x0800278c   0x00000064   Code   RO         4047    i.Pid_Controller_Tick  pid.o
    0x080027f0   0x080027f0   0x00000010   Code   RO         4048    i.Pid_Open          pid.o
    0x08002800   0x08002800   0x00000028   Code   RO         3969    i.Route_Close       route.o
    0x08002828   0x08002828   0x0000000c   Code   RO         3970    i.Route_Open        route.o
    0x08002834   0x08002834   0x00000002   Code   RO          417    i.SVC_Handler       stm32f4xx_it.o
    0x08002836   0x08002836   0x00000004   Code   RO          418    i.SysTick_Handler   stm32f4xx_it.o
    0x0800283a   0x0800283a   0x00000002   PAD
    0x0800283c   0x0800283c   0x00000094   Code   RO           16    i.SystemClock_Config  main.o
    0x080028d0   0x080028d0   0x00000010   Code   RO         3525    i.SystemInit        system_stm32f4xx.o
    0x080028e0   0x080028e0   0x0000000c   Code   RO          419    i.TIM1_BRK_TIM9_IRQHandler  stm32f4xx_it.o
    0x080028ec   0x080028ec   0x000000a0   Code   RO         2283    i.TIM_Base_SetConfig  stm32f4xx_hal_tim.o
    0x0800298c   0x0800298c   0x0000001a   Code   RO         2284    i.TIM_CCxChannelCmd  stm32f4xx_hal_tim.o
    0x080029a6   0x080029a6   0x00000014   Code   RO         2294    i.TIM_ETR_SetConfig  stm32f4xx_hal_tim.o
    0x080029ba   0x080029ba   0x00000010   Code   RO         2295    i.TIM_ITRx_SetConfig  stm32f4xx_hal_tim.o
    0x080029ca   0x080029ca   0x00000002   PAD
    0x080029cc   0x080029cc   0x00000050   Code   RO         2296    i.TIM_OC1_SetConfig  stm32f4xx_hal_tim.o
    0x08002a1c   0x08002a1c   0x00000058   Code   RO         2297    i.TIM_OC2_SetConfig  stm32f4xx_hal_tim.o
    0x08002a74   0x08002a74   0x00000058   Code   RO         2298    i.TIM_OC3_SetConfig  stm32f4xx_hal_tim.o
    0x08002acc   0x08002acc   0x00000044   Code   RO         2299    i.TIM_OC4_SetConfig  stm32f4xx_hal_tim.o
    0x08002b10   0x08002b10   0x00000022   Code   RO         2301    i.TIM_TI1_ConfigInputStage  stm32f4xx_hal_tim.o
    0x08002b32   0x08002b32   0x00000024   Code   RO         2303    i.TIM_TI2_ConfigInputStage  stm32f4xx_hal_tim.o
    0x08002b56   0x08002b56   0x00000002   PAD
    0x08002b58   0x08002b58   0x00000050   Code   RO         3807    i.Turn_Back         motor.o
    0x08002ba8   0x08002ba8   0x00000050   Code   RO         3808    i.Turn_Left         motor.o
    0x08002bf8   0x08002bf8   0x00000054   Code   RO         3809    i.Turn_Right        motor.o
    0x08002c4c   0x08002c4c   0x0000000e   Code   RO         3204    i.UART_DMAAbortOnError  stm32f4xx_hal_uart.o
    0x08002c5a   0x08002c5a   0x0000004e   Code   RO         3214    i.UART_EndRxTransfer  stm32f4xx_hal_uart.o
    0x08002ca8   0x08002ca8   0x000000c2   Code   RO         3216    i.UART_Receive_IT   stm32f4xx_hal_uart.o
    0x08002d6a   0x08002d6a   0x00000002   PAD
    0x08002d6c   0x08002d6c   0x0000010c   Code   RO         3217    i.UART_SetConfig    stm32f4xx_hal_uart.o
    0x08002e78   0x08002e78   0x00000036   Code   RO         3219    i.UART_Start_Receive_IT  stm32f4xx_hal_uart.o
    0x08002eae   0x08002eae   0x00000002   PAD
    0x08002eb0   0x08002eb0   0x0000000c   Code   RO          420    i.USART1_IRQHandler  stm32f4xx_it.o
    0x08002ebc   0x08002ebc   0x00000002   Code   RO          421    i.UsageFault_Handler  stm32f4xx_it.o
    0x08002ebe   0x08002ebe   0x00000002   PAD
    0x08002ec0   0x08002ec0   0x00000028   Code   RO         4173    i.__0sprintf$1      mc_w.l(printf1.o)
    0x08002ee8   0x08002ee8   0x00000020   Code   RO         1798    i.__NVIC_SetPriority  stm32f4xx_hal_cortex.o
    0x08002f08   0x08002f08   0x0000000e   Code   RO         4435    i.__scatterload_copy  mc_w.l(handlers.o)
    0x08002f16   0x08002f16   0x00000002   Code   RO         4436    i.__scatterload_null  mc_w.l(handlers.o)
    0x08002f18   0x08002f18   0x0000000e   Code   RO         4437    i.__scatterload_zeroinit  mc_w.l(handlers.o)
    0x08002f26   0x08002f26   0x00000002   PAD
    0x08002f28   0x08002f28   0x00000154   Code   RO         4178    i._printf_core      mc_w.l(printf1.o)
    0x0800307c   0x0800307c   0x0000000a   Code   RO         4180    i._sputc            mc_w.l(printf1.o)
    0x08003086   0x08003086   0x00000002   PAD
    0x08003088   0x08003088   0x00000150   Code   RO           17    i.main              main.o
    0x080031d8   0x080031d8   0x000000d0   Code   RO         4088    i.turn_process      control.o
    0x080032a8   0x080032a8   0x00000010   Data   RO         3526    .constdata          system_stm32f4xx.o
    0x080032b8   0x080032b8   0x00000008   Data   RO         3527    .constdata          system_stm32f4xx.o
    0x080032c0   0x080032c0   0x00000474   Data   RO         3561    .constdata          font.o
    0x08003734   0x08003734   0x00000008   Data   RO         3562    .constdata          font.o
    0x0800373c   0x0800373c   0x00000020   Data   RO         4433    Region$$Table       anon$$obj.o


    Execution Region RW_IRAM1 (Exec base: 0x20000000, Load base: 0x0800375c, Size: 0x00000ac8, Max: 0x00010000, ABSOLUTE)

    Exec Addr    Load Addr    Size         Type   Attr      Idx    E Section Name        Object

    0x20000000   0x0800375c   0x00000004   Data   RW           19    .data               main.o
    0x20000004   0x08003760   0x0000000c   Data   RW         1957    .data               stm32f4xx_hal.o
    0x20000010   0x0800376c   0x00000004   Data   RW         3528    .data               system_stm32f4xx.o
    0x20000014   0x08003770   0x00000004   Data   RW         3619    .data               oled.o
    0x20000018   0x08003774   0x00000014   Data   RW         3811    .data               motor.o
    0x2000002c   0x08003788   0x00000005   Data   RW         3918    .data               key.o
    0x20000031   0x0800378d   0x00000003   PAD
    0x20000034   0x08003790   0x00000018   Data   RW         3971    .data               route.o
    0x2000004c   0x080037a8   0x00000010   Data   RW         4049    .data               pid.o
    0x2000005c   0x080037b8   0x00000003   Data   RW         4090    .data               control.o
    0x2000005f   0x080037bb   0x00000001   PAD
    0x20000060        -       0x00000014   Zero   RW           18    .bss                main.o
    0x20000074        -       0x00000054   Zero   RW          240    .bss                i2c.o
    0x200000c8        -       0x00000120   Zero   RW          290    .bss                tim.o
    0x200001e8        -       0x00000048   Zero   RW          372    .bss                usart.o
    0x20000230        -       0x00000481   Zero   RW         3618    .bss                oled.o
    0x200006b1   0x080037bb   0x00000003   PAD
    0x200006b4        -       0x00000014   Zero   RW         4089    .bss                control.o
    0x200006c8        -       0x00000400   Zero   RW            1    STACK               startup_stm32f401xc.o


==============================================================================

Image component sizes


      Code (inc. data)   RO Data    RW Data    ZI Data      Debug   Object Name

       208          8          0          3         20       1352   control.o
         0          0       1148          0          0       1698   font.o
       192         14          0          0          0       1015   gpio.o
       172         28          0          0         84       1733   i2c.o
       128         22          0          5          0       2621   key.o
       644         94          0          4         20     429365   main.o
       720         90          0         20          0       7058   motor.o
       778         28          0          4       1153      10716   oled.o
       132         14          0         16          0       2225   pid.o
       272         36          0         24          0       3005   route.o
        36          8        404          0       1024        848   startup_stm32f401xc.o
       144         24          0         12          0       8725   stm32f4xx_hal.o
       198         14          0          0          0      33903   stm32f4xx_hal_cortex.o
       182          0          0          0          0       2139   stm32f4xx_hal_dma.o
       500         34          0          0          0       2887   stm32f4xx_hal_gpio.o
      1398         32          0          0          0       9477   stm32f4xx_hal_i2c.o
        48          6          0          0          0        882   stm32f4xx_hal_msp.o
      1348         76          0          0          0       5344   stm32f4xx_hal_rcc.o
      2122         90          0          0          0      18631   stm32f4xx_hal_tim.o
       128         20          0          0          0       2545   stm32f4xx_hal_tim_ex.o
      1382         14          0          0          0       9412   stm32f4xx_hal_uart.o
        44         12          0          0          0       5273   stm32f4xx_it.o
        16          4         24          4          0       1171   system_stm32f4xx.o
       796         82          0          0        288       5795   tim.o
       180         22          0          0         72       1778   usart.o

    ----------------------------------------------------------------------
     11804        772       1608         96       2664     569598   Object Totals
         0          0         32          0          0          0   (incl. Generated)
        36          0          0          4          3          0   (incl. Padding)

    ----------------------------------------------------------------------

      Code (inc. data)   RO Data    RW Data    ZI Data      Debug   Library Member Name

         0          0          0          0          0          0   entry.o
         0          0          0          0          0          0   entry10a.o
         0          0          0          0          0          0   entry11a.o
         4          0          0          0          0          0   entry12b.o
         8          4          0          0          0          0   entry2.o
         4          0          0          0          0          0   entry5.o
         0          0          0          0          0          0   entry7b.o
         0          0          0          0          0          0   entry8b.o
         8          4          0          0          0          0   entry9a.o
        30          0          0          0          0          0   handlers.o
        36          8          0          0          0         68   init.o
        30          0          0          0          0         68   llshl.o
        32          0          0          0          0         68   llushr.o
        36          0          0          0          0         68   memcpya.o
        36          0          0          0          0        108   memseta.o
       390         10          0          0          0        252   printf1.o
        44          0          0          0          0         80   uidiv.o
        98          0          0          0          0         92   uldiv.o

    ----------------------------------------------------------------------
       760         26          0          0          0        804   Library Totals
         4          0          0          0          0          0   (incl. Padding)

    ----------------------------------------------------------------------

      Code (inc. data)   RO Data    RW Data    ZI Data      Debug   Library Name

       756         26          0          0          0        804   mc_w.l

    ----------------------------------------------------------------------
       760         26          0          0          0        804   Library Totals

    ----------------------------------------------------------------------

==============================================================================


      Code (inc. data)   RO Data    RW Data    ZI Data      Debug   

     12564        798       1608         96       2664     558342   Grand Totals
     12564        798       1608         96       2664     558342   ELF Image Totals
     12564        798       1608         96          0          0   ROM Totals

==============================================================================

    Total RO  Size (Code + RO Data)                14172 (  13.84kB)
    Total RW  Size (RW Data + ZI Data)              2760 (   2.70kB)
    Total ROM Size (Code + RO Data + RW Data)      14268 (  13.93kB)

==============================================================================

