<html>
<body>
<pre>
<h1>µVision Build Log</h1>
<h2>Tool Versions:</h2>
IDE-Version: ¦ÌVision V5.35.0.0
Copyright (C) 2021 ARM Ltd and ARM Germany GmbH. All rights reserved.
License Information: 1 1, 1, LIC=NQQMA-1JEXP-GKZBG-VITAJ-N00QM-LYN96
 
Tool Versions:
Toolchain:       MDK-ARM Plus  Version: 5.35.0.2
Toolchain Path:  C:\keil5\ARM\ARMCC\Bin
C Compiler:      Armcc.exe V5.06 update 7 (build 960)
Assembler:       Armasm.exe V5.06 update 7 (build 960)
Linker/Locator:  ArmLink.exe V5.06 update 7 (build 960)
Library Manager: ArmAr.exe V5.06 update 7 (build 960)
Hex Converter:   FromElf.exe V5.06 update 7 (build 960)
CPU DLL:         SARMCM3.DLL V5.35.0.2
Dialog DLL:      DCM.DLL V1.17.3.0
Target DLL:      STLink\ST-LINKIII-KEIL_SWO.dll V3.0.9.0
Dialog DLL:      TCM.DLL V1.53.0.0
 
<h2>Project:</h2>
C:\stm32ProjectFolder\stm32f401ccu6\route_car_test\MDK-ARM\route_car_test.uvprojx
Project File Date:  07/17/2025

<h2>Output:</h2>
*** Using Compiler 'V5.06 update 7 (build 960)', folder: 'C:\keil5\ARM\ARMCC\Bin'
Build target 'route_car_test'
compiling pid.c...
User\PID\pid.h(7): warning:  #1295-D: Deprecated declaration Pid_Controller_Tick - give arg types
  void Pid_Controller_Tick();
User\PID\pid.h(8): warning:  #1295-D: Deprecated declaration Pid_Close - give arg types
  void Pid_Close();
./User/4ROUTE/route.h(6): warning:  #1295-D: Deprecated declaration Get_Route_State_Tick - give arg types
  void Get_Route_State_Tick();
./User/4ROUTE/route.h(7): warning:  #1295-D: Deprecated declaration Get_Route_State - give arg types
  int Get_Route_State();
./User/4ROUTE/route.h(8): warning:  #1295-D: Deprecated declaration Route_Open - give arg types
  void Route_Open();
./User/4ROUTE/route.h(9): warning:  #1295-D: Deprecated declaration Route_Close - give arg types
  void Route_Close();
./User/MOTOR/motor.h(7): warning:  #1295-D: Deprecated declaration Motor_Init - give arg types
  void Motor_Init();
./User/MOTOR/motor.h(9): warning:  #1295-D: Deprecated declaration Get_Left_Speed - give arg types
  float Get_Left_Speed();
./User/MOTOR/motor.h(10): warning:  #1295-D: Deprecated declaration Get_Right_Speed - give arg types
  float Get_Right_Speed();
./User/MOTOR/motor.h(11): warning:  #1295-D: Deprecated declaration Get_Speed_Open - give arg types
  void Get_Speed_Open();
./User/MOTOR/motor.h(12): warning:  #1295-D: Deprecated declaration Get_Speed_Close - give arg types
  void Get_Speed_Close();
./User/MOTOR/motor.h(13): warning:  #1295-D: Deprecated declaration Get_Speed_Tick - give arg types
  void Get_Speed_Tick();
User\PID\pid.c(50): warning:  #1-D: last line of file ends without a newline
  }
User\PID\pid.c: 13 warnings, 0 errors
linking...
Program Size: Code=13260 RO-data=460 RW-data=76 ZI-data=2628  
FromELF: creating hex file...
"route_car_test\route_car_test.axf" - 0 Error(s), 13 Warning(s).

<h2>Software Packages used:</h2>

Package Vendor: ARM
                http://www.keil.com/pack/ARM.CMSIS.5.8.0.pack
                ARM.CMSIS.5.8.0
                CMSIS (Common Microcontroller Software Interface Standard)
   * Component: CORE Version: 5.5.0

Package Vendor: Keil
                http://www.keil.com/pack/Keil.STM32F4xx_DFP.2.13.0.pack
                Keil.STM32F4xx_DFP.2.13.0
                STMicroelectronics STM32F4 Series Device Support, Drivers and Examples

<h2>Collection of Component include folders:</h2>
  .\RTE\_route_car_test
  C:\keil5\pack\ARM\CMSIS\5.8.0\CMSIS\Core\Include
  C:\keil5\pack\Keil\STM32F4xx_DFP\2.13.0\Drivers\CMSIS\Device\ST\STM32F4xx\Include

<h2>Collection of Component Files used:</h2>

   * Component: ARM::CMSIS:CORE:5.5.0
      Include file:  CMSIS\Core\Include\tz_context.h
Build Time Elapsed:  00:00:02
</pre>
</body>
</html>
